12:06:12.120 [boot] ================ BiliProbe 已加载 ================
12:06:12.124 [boot] 日志目录=/var/mobile/Containers/Data/Application/676343AC-7E5D-42A3-AA52-F5EF316B96AB/Documents/biliprobe 建目录错误=(无)
12:06:12.125 [boot] 目录可写=是
12:06:12.125 [boot] ================ BiliProbe 已加载 ================
12:06:12.125 [boot] 构建 SHA=90e2611  构建时间=2026-09-21T04:02:21Z  编译于 Sep 21 2026 04:02:26
12:06:12.125 [boot] 观测点清单：AVAssetResourceLoader / NSURLSession×2 / NSURLRequest×3 / BBRMediaDownloader×2
12:06:12.125 [boot] 主程序=/private/var/containers/Bundle/Application/7F1804A8-EDE4-4EAA-AE00-1D34EA1CC342/bili-universal.app/bili-universal PID=14115
12:06:12.130 [io] ✓ 已写 environment.txt (978 字节)
12:06:12.131 [env] 自检完成：系统 iOS 27.0 / 镜像 1286 个
12:06:12.131 [hook] ✓ 已替换 AVAssetResourceLoader :: setDelegate:queue:
12:06:12.131 [hook] ✓ 已替换 NSURLSession :: dataTaskWithRequest:completionHandler:
12:06:12.131 [hook] ✓ 已替换 NSURLSession :: dataTaskWithRequest:
12:06:12.131 [hook] ✓ 已替换 NSURLRequest :: initWithURL:
12:06:12.131 [hook] ✗ NSURLRequest 上 initWithURLString: 不存在，跳过
12:06:12.131 [hook] ✓ 已替换 NSURLRequest :: requestWithURL:
12:06:12.131 [hook] ✓ 已替换 AVURLAsset :: initWithURL:options:
12:06:12.131 [hook] ✓ 已替换 AVURLAsset :: resourceLoader
12:06:12.131 [hook] ✓ 已替换 BBPlayerPreload :: preloadItems:unite:
12:06:12.131 [hook] ✗ NSURLProtocol 上 canInitWithRequest: 不存在，跳过
12:06:12.131 [hook] ✓ 已替换 NSURLProtocol :: startLoading
12:06:12.131 [hook] ✓ 已替换 NSURLConnection :: initWithRequest:delegate:startImmediately:
12:06:12.131 [hook] ✓ 已替换 AVURLAsset :: URLAssetWithURL:options:
12:06:12.411 [hook] 运行时 NSURLProtocol 子类 34 个：TXYHyURLProtocol, BWAFileURLProtocol, CPURLProtocol, _NSCFURLProtocol, _NSURLAppSSOProtocol, _NSURLFileProtocol, _NSURLFTPProtocol, _NSURLDataProtocol, _NSURLHTTPProtocol, NSAboutURLProtocol, _NSCFWikipediaProtocol, _NSCFTranslatedFileURLProtocol, _NSCFTranslatedFileURLProtocol_PIMPL_7, _NSCFTranslatedFileURLProtocol_PIMPL_6, _NSCFTranslatedFileURLProtocol_PIMPL_5, _NSCFTranslatedFileURLProtocol_PIMPL_4, _NSCFTranslatedFileURLProtocol_PIMPL_3, _NSCFTranslatedFileURLProtocol_PIMPL_2, _NSCFTranslatedFileURLProtocol_PIMPL_1, _NSCFTranslatedFileURLProtocol_PIMPL_0, AAURLProtocol, AMSMockNetworkProxy, AppleMediaServices.MockNetworkProxy, WKCustomProtocol, FCExcerptURLProtocol, FCRecordFieldURLProtocol, FCMockURLProtocol, FCPuzzleThumbnailURLProtocol, QLPreviewURLProtocol, QLPreviewConverterURLProtocol, QLPreviewMultiPartURLProtocol, MPHomeSharingURLProtocol, MFMessageURLProtocol, MusicKit.ArtworkLoadingProtocol
12:06:12.411 [hook] ✓ 已替换 IJKP2PServerResolver :: getAndCreateP2pConfigPath
12:06:12.412 [hook] [install] 开始安装阶段 0（正证据 + 全网观测）
12:06:12.411 [hook] ✓ 已挂 IJKP2PServerResolver :: getAndCreateP2pConfigPath
12:06:12.411 [hook] ✓ 已替换 BBPlayerInteractiveResourcePreload :: savedFolder
12:06:12.412 [hook] ✓ 已替换 BBPlayerInteractiveResourcePreload :: downloadWithUrl:savedPath:relativePath:
12:06:12.412 [hook] ✓ 已挂 BBPlayerInteractiveResourcePreload :: savedFolder / downloadWithUrl:savedPath:relativePath:
12:06:12.412 [hook] · IJKDashStreamItem 存在
12:06:12.412 [hook] · IJKMediaPlayerItem 存在
12:06:12.412 [hook] · IJKMediaPlayerWrapper 存在
12:06:12.412 [hook] · IJKFFMoviePlayerController 存在
12:06:12.412 [hook] · IJKFFMoviePlayerControllerAVPlayer 存在
12:06:12.412 [hook] · IJKP2PManager 存在
12:06:12.416 [hook] [install] 阶段 0 完成
12:06:12.416 [hook] [install] 开始安装阶段 2/3（代理 + URL 改写）
12:06:12.412 [hook] · IJKDashStreamBridge 存在
12:06:12.412 [hook] · IJKP2PManager 响应 getHttpServerPort=YES（响应即说明有本地 HTTP 服务；刻意不取数值，签名未知）
12:06:12.412 [hook] ✓ 已替换 BBRMediaDownloader :: initWithURL:cacheWorker:
12:06:12.412 [hook] ✓ 已替换 BBRMediaDownloader :: downloadTaskFromOffset:length:toEnd:
12:06:12.412 [hook] · BGMFragmentP2pDownloader2 存在（P2P 分支可用，若 mediadl 计数为 0 则视频走它）
12:06:12.413 [hook] ──── 阶段 0：播放正证据 + 全网观测 ────
12:06:12.413 [hook] ✓ encoding 解析器自检通过（6 条真机样本）
12:06:12.413 [hook] · [播放器] 继承链 IJKFFMoviePlayerControllerFFPlay → NSObject
12:06:12.413 [hook] ✓ [播放器] IJKFFMoviePlayerControllerFFPlay :: play  开始播放
12:06:12.413 [hook] ✗ IJKFFMoviePlayerControllerFFPlay 自带 forwardInvocation:（会与转发器打架），拒绝 hook prepareToPlay
12:06:12.413 [hook] ✗ [播放器] IJKFFMoviePlayerControllerFFPlay :: prepareToPlay  准备播放
12:06:12.413 [hook] ✗ IJKFFMoviePlayerControllerFFPlay 自带 forwardInvocation:（会与转发器打架），拒绝 hook initUsingItemWithOptions:
12:06:12.413 [hook] ✗ [播放器] IJKFFMoviePlayerControllerFFPlay :: initUsingItemWithOptions:  用 Item 构建
12:06:12.413 [hook] ✗ IJKFFMoviePlayerControllerFFPlay 自带 forwardInvocation:（会与转发器打架），拒绝 hook initUsingItemWithOptions:withGLView:
12:06:12.413 [hook] ✗ [播放器] IJKFFMoviePlayerControllerFFPlay :: initUsingItemWithOptions:withGLView:  用 Item 构建(带视图)
12:06:12.413 [hook] ✗ IJKFFMoviePlayerControllerFFPlay 自带 forwardInvocation:（会与转发器打架），拒绝 hook initWithContentURL:withOptions:
12:06:12.414 [hook] ✗ [播放器] IJKFFMoviePlayerControllerFFPlay :: initWithContentURL:withOptions:  用 URL 构建
12:06:12.424 [hook] [install] 阶段 2/3 完成 —— 安装阶段全部走完，未崩溃
12:06:12.414 [hook] ✗ IJKFFMoviePlayerControllerFFPlay 自带 forwardInvocation:（会与转发器打架），拒绝 hook initWithContentURLString:withOptions:
12:06:12.414 [hook] ✗ [播放器] IJKFFMoviePlayerControllerFFPlay :: initWithContentURLString:withOptions:  用 URL 字符串构建
12:06:12.414 [hook] ✗ IJKFFMoviePlayerControllerFFPlay 自带 forwardInvocation:（会与转发器打架），拒绝 hook initWithMoreContent:withOptions:withGLView:
12:06:12.414 [hook] ✗ [播放器] IJKFFMoviePlayerControllerFFPlay :: initWithMoreContent:withOptions:withGLView:  多段构建
12:06:12.414 [hook] ✗ IJKFFMoviePlayerControllerFFPlay 自带 forwardInvocation:（会与转发器打架），拒绝 hook initWithMoreContentString:withOptions:withGLView:
12:06:12.414 [hook] ✗ [播放器] IJKFFMoviePlayerControllerFFPlay :: initWithMoreContentString:withOptions:withGLView:  多段构建(字符串)
12:06:12.414 [hook] ✗ IJKFFMoviePlayerControllerFFPlay 自带 forwardInvocation:（会与转发器打架），拒绝 hook resetWithContentURLString:withOptions:
12:06:12.414 [hook] ✗ [播放器] IJKFFMoviePlayerControllerFFPlay :: resetWithContentURLString:withOptions:  重置 URL
12:06:12.414 [hook] · [播放器] 继承链 IJKFFMoviePlayerController → NSObject
12:06:12.414 [hook] ✓ [播放器] IJKFFMoviePlayerController :: play  开始播放
12:06:12.414 [hook] ✗ IJKFFMoviePlayerController 自带 forwardInvocation:（会与转发器打架），拒绝 hook prepareToPlay
12:06:12.414 [hook] ✗ [播放器] IJKFFMoviePlayerController :: prepareToPlay  准备播放
12:06:12.414 [hook] ✗ IJKFFMoviePlayerController 自带 forwardInvocation:（会与转发器打架），拒绝 hook initUsingItemWithOptions:
12:06:12.414 [hook] ✗ [播放器] IJKFFMoviePlayerController :: initUsingItemWithOptions:  用 Item 构建
12:06:12.414 [hook] ✗ IJKFFMoviePlayerController 自带 forwardInvocation:（会与转发器打架），拒绝 hook initUsingItemWithOptions:withGLView:
12:06:12.414 [hook] ✗ [播放器] IJKFFMoviePlayerController :: initUsingItemWithOptions:withGLView:  用 Item 构建(带视图)
12:06:12.415 [hook] · [播放器] 继承链 IJKFFMoviePlayerControllerAVPlayer → NSObject
12:06:12.415 [hook] ✓ [播放器] IJKFFMoviePlayerControllerAVPlayer :: play  开始播放(AVPlayer)
12:06:12.415 [hook] ✗ IJKFFMoviePlayerControllerAVPlayer 自带 forwardInvocation:（会与转发器打架），拒绝 hook prepareToPlay
12:06:12.415 [hook] ✗ [播放器] IJKFFMoviePlayerControllerAVPlayer :: prepareToPlay  准备播放(AVPlayer)
12:06:12.415 [hook] ✗ IJKFFMoviePlayerControllerAVPlayer 自带 forwardInvocation:（会与转发器打架），拒绝 hook initUsingItem
12:06:12.415 [hook] ✗ [播放器] IJKFFMoviePlayerControllerAVPlayer :: initUsingItem  用 Item 构建(AVPlayer)
12:06:12.415 [hook] · [播放器] 继承链 IJKMediaPlayerWrapper → NSObject
12:06:12.415 [hook] ✓ [播放器] IJKMediaPlayerWrapper :: start  包装器启动
12:06:12.415 [hook] ✗ IJKMediaPlayerWrapper 自带 forwardInvocation:（会与转发器打架），拒绝 hook prepareWithItem:
12:06:12.415 [hook] ✗ [播放器] IJKMediaPlayerWrapper :: prepareWithItem:  包装器准备
12:06:12.415 [hook] · [播放器] 继承链 IJKMediaPlayerItem → NSObject
12:06:12.415 [hook] ✓ [播放器] IJKMediaPlayerItem :: start  内核 Item 启动
12:06:12.415 [hook] ✗ IJKMediaPlayerItem 自带 forwardInvocation:（会与转发器打架），拒绝 hook applyTo:
12:06:12.415 [hook] ✗ [播放器] IJKMediaPlayerItem :: applyTo:  Item 灌进 C++ 内核
12:06:12.416 [hook] · [播放器] 继承链 BBPlayerViewController → BFCViewController → UIViewController → UIResponder → NSObject
12:06:12.416 [hook] ✓ [播放器] BBPlayerViewController :: viewDidAppear:  进入视频页
12:06:12.416 [hook] · [播放器] 继承链 BBPgcPlayerViewController → BFCViewController → UIViewController → UIResponder → NSObject
12:06:12.416 [hook] ✓ [播放器] BBPgcPlayerViewController :: viewDidAppear:  进入视频页
12:06:12.416 [hook] ✓ [全网] NSURLSessionTask :: resume（覆盖所有任务，不论怎么建出来的）
12:06:12.416 [hook] ✗ NSURLSession 自带 forwardInvocation:（会与转发器打架），拒绝 hook dataTaskWithURL:completionHandler:
12:06:12.416 [hook] · [全网] resume 实现层自检：NSURLSessionTask 上有 resume
      （未找到已知的具体类）
12:06:12.416 [hook] 阶段 0 安装完成。心跳里会轮询播放器自己报的 isPlaying / 视频TCP速率 —— 这两个值出现非零，就说明「确实在播」这件事不再需要靠推断。
12:06:12.416 [hook] ──── 阶段 2/3：CDN 重定向 + 并发分段 ────
12:06:12.418 [proxy] ✓ 回环代理已启动 http://127.0.0.1:56465/bsp/<token>（改写开关=开）
12:06:12.418 [hook] ✗ IJKMediaPlayerItem 自带 forwardInvocation:（会与转发器打架），拒绝 hook willOpenUrl:
12:06:12.418 [hook] ✗ [阶段2/3] IJKMediaPlayerItem :: willOpenUrl: 未安装（类/方法不存在或参数形状不符）
12:06:12.418 [hook] ✗ IJKMediaPlayerItem 自带 forwardInvocation:（会与转发器打架），拒绝 hook setUrl:
12:06:12.418 [hook] ✗ [阶段2/3] IJKMediaPlayerItem :: setUrl: 未安装（类/方法不存在或参数形状不符）
12:06:12.418 [hook] ✗ IJKMediaPlayerItem 自带 forwardInvocation:（会与转发器打架），拒绝 hook updateUrl:resolved:
12:06:12.418 [hook] ✗ [阶段2/3] IJKMediaPlayerItem :: updateUrl:resolved: 未安装（类/方法不存在或参数形状不符）
12:06:12.418 [hook] ✗ IJKMediaPlayerItem 自带 forwardInvocation:（会与转发器打架），拒绝 hook updateUrlInfo:
12:06:12.418 [hook] ✗ [阶段2/3] IJKMediaPlayerItem :: updateUrlInfo: 未安装（类/方法不存在或参数形状不符）
12:06:12.418 [hook] ✗ IJKMediaPlayerItem 自带 forwardInvocation:（会与转发器打架），拒绝 hook callMeteredNetworkUrl:reasonType:
12:06:12.419 [hook] ✗ [阶段2/3] IJKMediaPlayerItem :: callMeteredNetworkUrl:reasonType: 未安装（类/方法不存在或参数形状不符）
12:06:12.419 [hook] ✓ [阶段2/3] IJKMediaAssetStreamSegment :: initWithUrl:  enc=@24@0:8@16
12:06:12.419 [hook] ✓ [阶段2/3] IJKDashStreamItem :: setBaseUrl:  enc=v24@0:8@16
12:06:12.419 [hook] ✗ IJKDashStreamItem 自带 forwardInvocation:（会与转发器打架），拒绝 hook setBackupUrl0:
12:06:12.419 [hook] ✗ [阶段2/3] IJKDashStreamItem :: setBackupUrl0: 未安装（类/方法不存在或参数形状不符）
12:06:12.419 [hook] ✗ IJKDashStreamItem 自带 forwardInvocation:（会与转发器打架），拒绝 hook setBackupUrl1:
12:06:12.419 [hook] ✗ [阶段2/3] IJKDashStreamItem :: setBackupUrl1: 未安装（类/方法不存在或参数形状不符）
12:06:12.419 [hook] ✗ IJKDashStreamItem 自带 forwardInvocation:（会与转发器打架），拒绝 hook initWithStreamId:bandwidth:baseUrl:fileSize:streamType:codecType:
12:06:12.419 [hook] ✗ [阶段2/3] IJKDashStreamItem :: initWithStreamId:bandwidth:baseUrl:fileSize:streamType:codecType: 未安装（类/方法不存在或参数形状不符）
12:06:12.419 [hook] ✓ [阶段2/3] IJKDashStreamBridge :: setUrl:  enc=v24@0:8@16
12:06:12.419 [hook] ✗ IJKDashStreamBridge 自带 forwardInvocation:（会与转发器打架），拒绝 hook setBackupUrls:
12:06:12.419 [hook] ✗ [阶段2/3] IJKDashStreamBridge :: setBackupUrls: 未安装（类/方法不存在或参数形状不符）
12:06:12.419 [hook] ✗ IJKDashStreamBridge 自带 forwardInvocation:（会与转发器打架），拒绝 hook initWithMediaType:codecId:qn:bandwidth:url:backupUrls:
12:06:12.419 [hook] ✗ [阶段2/3] IJKDashStreamBridge :: initWithMediaType:codecId:qn:bandwidth:url:backupUrls: 未安装（类/方法不存在或参数形状不符）
12:06:12.420 [hook] ✗ IJKFFMoviePlayerController 自带 forwardInvocation:（会与转发器打架），拒绝 hook initWithContentURL:withOptions:
12:06:12.420 [hook] ✗ [阶段2/3] IJKFFMoviePlayerController :: initWithContentURL:withOptions: 未安装（类/方法不存在或参数形状不符）
12:06:12.420 [hook] ✗ IJKFFMoviePlayerController 自带 forwardInvocation:（会与转发器打架），拒绝 hook initWithContentURLString:withOptions:
12:06:12.420 [hook] ✗ [阶段2/3] IJKFFMoviePlayerController :: initWithContentURLString:withOptions: 未安装（类/方法不存在或参数形状不符）
12:06:12.420 [hook] ✗ IJKFFMoviePlayerControllerFFPlay 自带 forwardInvocation:（会与转发器打架），拒绝 hook initWithContentURL:withOptions:
12:06:12.420 [hook] ✗ [阶段2/3] IJKFFMoviePlayerControllerFFPlay :: initWithContentURL:withOptions: 未安装（类/方法不存在或参数形状不符）
12:06:12.420 [hook] ✗ IJKFFMoviePlayerControllerFFPlay 自带 forwardInvocation:（会与转发器打架），拒绝 hook initWithContentURLString:withOptions:
12:06:12.420 [hook] ✗ [阶段2/3] IJKFFMoviePlayerControllerFFPlay :: initWithContentURLString:withOptions: 未安装（类/方法不存在或参数形状不符）
12:06:12.420 [hook] ✗ IJKFFMoviePlayerControllerFFPlay 自带 forwardInvocation:（会与转发器打架），拒绝 hook resetWithContentURLString:withOptions:
12:06:12.420 [hook] ✗ [阶段2/3] IJKFFMoviePlayerControllerFFPlay :: resetWithContentURLString:withOptions: 未安装（类/方法不存在或参数形状不符）
12:06:12.420 [hook] ✗ IJKFFMoviePlayerControllerAVPlayer 自带 forwardInvocation:（会与转发器打架），拒绝 hook initWithContentURL:
12:06:12.420 [hook] ✗ [阶段2/3] IJKFFMoviePlayerControllerAVPlayer :: initWithContentURL: 未安装（类/方法不存在或参数形状不符）
12:06:12.420 [hook] ✗ IJKFFMoviePlayerControllerAVPlayer 自带 forwardInvocation:（会与转发器打架），拒绝 hook initWithContentURLString:
12:06:12.420 [hook] ✗ [阶段2/3] IJKFFMoviePlayerControllerAVPlayer :: initWithContentURLString: 未安装（类/方法不存在或参数形状不符）
12:06:12.420 [hook] ✗ IJKFFMoviePlayerControllerAVPlayer 自带 forwardInvocation:（会与转发器打架），拒绝 hook createAssetWithUrl:
12:06:12.420 [hook] ✗ [阶段2/3] IJKFFMoviePlayerControllerAVPlayer :: createAssetWithUrl: 未安装（类/方法不存在或参数形状不符）
12:06:12.420 [hook] ✓ [阶段2/3] BBPlayerPreloadNextItem :: setPreloadUrl:  enc=v24@0:8@16
12:06:12.420 [hook] 阶段 2/3 hook 安装完成：4/22
12:06:12.421 [hook] 已安装的转发 hook 全表：
      IJKFFMoviePlayerControllerFFPlay::play  [v16@0:8]
      IJKFFMoviePlayerController::play  [v16@0:8]
      IJKFFMoviePlayerControllerAVPlayer::play  [v16@0:8]
      IJKMediaPlayerWrapper::start  [v16@0:8]
      IJKMediaPlayerItem::start  [v16@0:8]
      BBPlayerViewController::viewDidAppear:  [v20@0:8B16]
      BBPgcPlayerViewController::viewDidAppear:  [v20@0:8B16]
      NSURLSessionTask::resume  [v16@0:8]
      NSURLSession::dataTaskWithURL:  [@24@0:8@16]
      IJKMediaAssetStreamSegment::initWithUrl:  [@24@0:8@16]
      IJKDashStreamItem::setBaseUrl:  [v24@0:8@16]
      IJKDashStreamBridge::setUrl:  [v24@0:8@16]
      BBPlayerPreloadNextItem::setPreloadUrl:  [v24@0:8@16]
12:06:12.424 [io] ✓ 已写 encodings.txt (75264 字节)
12:06:12.424 [boot] 探针安装完毕，等待播放器触发…
12:06:12.424 [boot] 心跳已启动：每 15 秒一次；侦察结束时与 45 秒后各强制写一份结论
12:06:12.424 [verdict] =========== 结论 [启动即写（此时尚未播放，仅供参考）] ===========
12:06:12.424 [verdict] 计数：委托类=0 setDelegate=0 shouldWait=0 | NSURLSession=0 NSURLRequest=0 | 下载器init=0 段级下载=0 | AVURLAsset=0 加载器类=0 | 预加载=0 | URLProtocol=0/0 | ★落盘=0
12:06:12.424 [verdict] 阶段2/3：URL承载hook触发=0 见到媒体URL=0 已改写=0 | 代理请求=0 上游分片=0
12:06:12.424 [verdict] 播放正证据：播放器生命周期命中=0 播放页出现=0 | 全网任务 resume=0
12:06:12.424 [verdict] 播放器当前状态：
播放器实例=0 —— 播放器对象从未在本进程创建。若你确实在播视频，那就说明播放器跑在**另一个进程**里。
12:06:12.424 [verdict] 各 hook 命中次数：**一个都没响过**
12:06:12.424 [verdict] ⚠ 播放器生命周期 0 次命中、全网任务也几乎为零 —— 这**不能**说明「没播视频」（上一版我就是这么误判的）。它说明我的观测点没覆盖到实际链路，请以「播放器当前状态」那几行为准。
12:06:12.424 [verdict] =======================================
12:06:12.745 [request] NSURLRequest requestWithURL host=i2.hdslb.com
          URL=https://i2.hdslb.com/bfs/fawkes/dd/prod/iphone.zip
12:06:12.745 [request] NSURLRequest initWithURL host=i2.hdslb.com
          URL=https://i2.hdslb.com/bfs/fawkes/dd/prod/iphone.zip
12:06:12.746 [session] 媒体请求 method=GET host=i2.hdslb.com range=(无)
          URL=https://i2.hdslb.com/bfs/fawkes/dd/prod/iphone.zip
