02:29:53.344 [boot] ================ BiliProbe 已加载 ================
02:29:53.352 [boot] 构建 SHA=2cc824e  构建时间=2026-09-20T18:23:40Z  编译于 Sep 20 2026 18:23:44
02:29:53.352 [boot] 观测点清单：AVAssetResourceLoader / NSURLSession×2 / NSURLRequest×3 / BBRMediaDownloader×2
02:29:53.352 [boot] 主程序=/private/var/containers/Bundle/Application/DDC806A8-A967-4B98-AFE2-2CF1EAB2CAF2/bili-universal.app/bili-universal PID=11375
02:29:53.359 [io] ✓ 已写 environment.txt (847 字节)
02:29:53.359 [env] 自检完成：系统 iOS 27.0 / 镜像 1283 个
02:29:53.359 [hook] ✓ 已替换 AVAssetResourceLoader :: setDelegate:queue:
02:29:53.360 [hook] ✓ 已替换 NSURLSession :: dataTaskWithRequest:completionHandler:
02:29:53.360 [hook] ✓ 已替换 NSURLSession :: dataTaskWithRequest:
02:29:53.360 [hook] ✓ 已替换 NSURLRequest :: initWithURL:
02:29:53.360 [hook] ✗ NSURLRequest 上 initWithURLString: 不存在，跳过
02:29:53.360 [hook] ✓ 已替换 NSURLRequest :: requestWithURL:
02:29:53.364 [hook] ✓ 已替换 AVURLAsset :: initWithURL:options:
02:29:53.364 [hook] ✓ 已替换 AVURLAsset :: resourceLoader
02:29:53.365 [hook] ✓ 已替换 BBRMediaDownloader :: initWithURL:cacheWorker:
02:29:53.365 [hook] ✓ 已替换 BBRMediaDownloader :: downloadTaskFromOffset:length:toEnd:
02:29:53.365 [hook] · BGMFragmentP2pDownloader2 存在（P2P 分支可用，若 mediadl 计数为 0 则视频走它）
02:29:53.365 [boot] 探针安装完毕，等待播放器触发…
02:29:53.365 [boot] 心跳已启动：每 15 秒一次；侦察结束时与 45 秒后各强制写一份结论
02:29:53.365 [verdict] =========== 结论 [启动即写（此时尚未播放，仅供参考）] ===========
02:29:53.365 [verdict] 计数：委托类=0 setDelegate=0 shouldWait=0 | NSURLSession=0 NSURLRequest=0 | 下载器init=0 段级下载=0 | AVURLAsset=0 加载器类=0
02:29:53.365 [verdict] 未命中 连 AVURLAsset 都没创建（0）→ 播放器不是 AVPlayer 系，或取日志时视频尚未开始。这是需要换注入思路的情形
02:29:53.365 [verdict] =======================================
02:29:53.617 [request] NSURLRequest requestWithURL host=i2.hdslb.com
          URL=https://i2.hdslb.com/bfs/fawkes/dd/prod/iphone.zip
02:29:53.617 [request] NSURLRequest initWithURL host=i2.hdslb.com
          URL=https://i2.hdslb.com/bfs/fawkes/dd/prod/iphone.zip
02:29:53.618 [session] 媒体请求 method=GET host=i2.hdslb.com range=(无)
          URL=https://i2.hdslb.com/bfs/fawkes/dd/prod/iphone.zip
02:29:55.651 [scan] 开始运行时侦察…
02:29:56.630 [request] NSURLRequest requestWithURL host=i0.hdslb.com
          URL=https://i0.hdslb.com/bfs/archive/b9f49c9b33532c5d05f5ea701ecd063f81910e94.json
02:29:56.631 [request] NSURLRequest initWithURL host=i0.hdslb.com
          URL=https://i0.hdslb.com/bfs/archive/b9f49c9b33532c5d05f5ea701ecd063f81910e94.json
02:29:56.632 [request] NSURLRequest requestWithURL host=i0.hdslb.com
          URL=https://i0.hdslb.com/bfs/archive/8aee6952487d118b4207c1afa2fd38616bd7545a.json
02:29:56.632 [request] NSURLRequest initWithURL host=i0.hdslb.com
          URL=https://i0.hdslb.com/bfs/archive/8aee6952487d118b4207c1afa2fd38616bd7545a.json
02:29:56.633 [request] NSURLRequest requestWithURL host=i0.hdslb.com
          URL=https://i0.hdslb.com/bfs/archive/3ed718f59e9e9cf1ce148105c9db9559951d5a7d.json
02:29:56.634 [request] NSURLRequest initWithURL host=i0.hdslb.com
          URL=https://i0.hdslb.com/bfs/archive/3ed718f59e9e9cf1ce148105c9db9559951d5a7d.json
02:29:56.635 [request] NSURLRequest requestWithURL host=i0.hdslb.com
          URL=https://i0.hdslb.com/bfs/archive/c9a20055b712068bfe293878639dc9066ba2690b.json
02:29:56.635 [request] NSURLRequest initWithURL host=i0.hdslb.com
          URL=https://i0.hdslb.com/bfs/archive/c9a20055b712068bfe293878639dc9066ba2690b.json
02:30:07.862 [asset] AVURLAsset initWithURL scheme=file host=?
          URL=file:///private/var/containers/Bundle/Application/DDC806A8-A967-4B98-AFE2-2CF1EAB2CAF2/bili-universal.app/blank.mp4
02:30:08.366 [beat] 第 1 次心跳（约 15 秒）| 委托类=0 setDelegate=0 shouldWait=0 | NSURLSession=1 NSURLRequest=10 | 下载器init=0 段级下载=0
02:30:14.176 [resloader]   ✔ 实现者: IJKFFMoviePlayerControllerAVPlayer
02:30:14.199 [resloader]   ✔ 实现者: BBRResourceLoaderManager
02:30:14.202 [resloader]   ✔ 实现者: BBLiveBaseResourceLoaderManager
02:30:14.206 [resloader]   ✔ 实现者: BGMMediaRequestTask
02:30:14.221 [resloader]   ✔ 实现者: BLKTTSMediaRequestTask
02:30:14.235 [resloader]   ✔ 实现者: BBUperVIResourceLoaderManager
02:30:14.359 [resloader]   ✔ 实现者: CloudAsset.LoadingRequestHandler
02:30:14.428 [resloader]   ✔ 实现者: MADAVAssetResourceLoaderDelegate
02:30:14.481 [resloader]   ✔ 实现者: WebCoreSharedBufferResourceLoaderDelegate
02:30:14.481 [resloader]   ✔ 实现者: WebCoreAudioFileReaderLoaderDelegate
02:30:14.482 [resloader]   ✔ 实现者: WebCoreAVFLoaderDelegate
02:30:14.490 [resloader]   ✔ 实现者: LPAudio
02:30:14.491 [resloader]   ✔ 实现者: LPVideo
02:30:14.552 [resloader]   ✔ 实现者: FCAVAssetResourceLoader
02:30:14.887 [resloader]   ✔ 实现者: VCPInMemoryAVAsset
02:30:15.042 [io] ✓ 已写 resloader-delegates.txt (465 字节)
02:30:15.423 [cdn] 命中: BGMMasterListProcessor (1 个选择子)
02:30:15.426 [cdn] 命中: BGMFragmentDownloader (1 个选择子)
02:30:15.428 [cdn] 命中: BGMFragmentContext (2 个选择子)
02:30:15.487 [cdn] 命中: BBLivePlayerP2PServerItem (1 个选择子)
02:30:15.489 [cdn] 命中: BBLivePlayerResolverHelper (1 个选择子)
02:30:17.784 [cdn] 命中: BBUperUploadNetworkTool (2 个选择子)
02:30:18.619 [cdn] 命中: BFCBandwidthManager (2 个选择子)
02:30:19.327 [cdn] 命中: BBLiveBCQualityComponent (2 个选择子)
02:30:19.596 [io] ✓ 已写 cdn-selectors.txt (751 字节)
02:30:21.077 [classes] 类侦察完成：枚举 150220 个类，命中记录 4000 个
02:30:21.091 [io] ✓ 已写 classes.txt (2819080 字节)
02:30:21.092 [scan] 运行时侦察完成。日志目录：/var/mobile/Containers/Data/Application/E3A983B3-C8A0-4FFF-85BF-3F7F69A6DBB4/Documents/biliprobe
02:30:21.092 [verdict] =========== 结论 [侦察完成] ===========
02:30:21.092 [verdict] 计数：委托类=0 setDelegate=0 shouldWait=0 | NSURLSession=1 NSURLRequest=10 | 下载器init=0 段级下载=0 | AVURLAsset=1 加载器类=0
02:30:21.092 [verdict] OK 播放器确实在用 AVPlayer 系（AVURLAsset 创建 1 次，resourceLoader 真实类 0 个）。但下载器未触发 → 数据可能来自 P2P 分支，或命中缓存
02:30:21.092 [verdict] =======================================
02:30:23.366 [beat] 第 2 次心跳（约 30 秒）| 委托类=0 setDelegate=0 shouldWait=0 | NSURLSession=1 NSURLRequest=10 | 下载器init=0 段级下载=0
02:30:38.366 [beat] 第 3 次心跳（约 45 秒）| 委托类=0 setDelegate=0 shouldWait=0 | NSURLSession=1 NSURLRequest=10 | 下载器init=0 段级下载=0
02:30:38.366 [verdict] =========== 结论 [45 秒] ===========
02:30:38.367 [verdict] 计数：委托类=0 setDelegate=0 shouldWait=0 | NSURLSession=1 NSURLRequest=10 | 下载器init=0 段级下载=0 | AVURLAsset=1 加载器类=0
02:30:38.367 [verdict] OK 播放器确实在用 AVPlayer 系（AVURLAsset 创建 1 次，resourceLoader 真实类 0 个）。但下载器未触发 → 数据可能来自 P2P 分支，或命中缓存
02:30:38.367 [verdict] =======================================
02:30:53.366 [beat] 第 4 次心跳（约 60 秒）| 委托类=0 setDelegate=0 shouldWait=0 | NSURLSession=1 NSURLRequest=10 | 下载器init=0 段级下载=0
02:31:08.366 [beat] 第 5 次心跳（约 75 秒）| 委托类=0 setDelegate=0 shouldWait=0 | NSURLSession=1 NSURLRequest=10 | 下载器init=0 段级下载=0
