03:23:28.368 [boot] ================ BiliProbe 已加载 ================
03:23:28.375 [boot] 构建 SHA=73757db  构建时间=2026-09-20T18:48:58Z  编译于 Sep 20 2026 18:49:04
03:23:28.375 [boot] 观测点清单：AVAssetResourceLoader / NSURLSession×2 / NSURLRequest×3 / BBRMediaDownloader×2
03:23:28.375 [boot] 主程序=/private/var/containers/Bundle/Application/4D355674-6D3C-4A60-85C5-CA5F6E5DB696/bili-universal.app/bili-universal PID=11600
03:23:28.381 [io] ✓ 已写 environment.txt (847 字节)
03:23:28.381 [env] 自检完成：系统 iOS 27.0 / 镜像 1283 个
03:23:28.381 [hook] ✓ 已替换 AVAssetResourceLoader :: setDelegate:queue:
03:23:28.381 [hook] ✓ 已替换 NSURLSession :: dataTaskWithRequest:completionHandler:
03:23:28.381 [hook] ✓ 已替换 NSURLSession :: dataTaskWithRequest:
03:23:28.381 [hook] ✓ 已替换 NSURLRequest :: initWithURL:
03:23:28.381 [hook] ✗ NSURLRequest 上 initWithURLString: 不存在，跳过
03:23:28.381 [hook] ✓ 已替换 NSURLRequest :: requestWithURL:
03:23:28.381 [hook] ✓ 已替换 AVURLAsset :: initWithURL:options:
03:23:28.381 [hook] ✓ 已替换 AVURLAsset :: resourceLoader
03:23:28.381 [hook] ✓ 已替换 BBPlayerPreload :: preloadItems:unite:
03:23:28.381 [hook] ✗ NSURLProtocol 上 canInitWithRequest: 不存在，跳过
03:23:28.381 [hook] ✓ 已替换 NSURLProtocol :: startLoading
03:23:28.381 [hook] ✓ 已替换 NSURLConnection :: initWithRequest:delegate:startImmediately:
03:23:28.381 [hook] ✓ 已替换 AVURLAsset :: URLAssetWithURL:options:
03:23:29.642 [hook] 运行时 NSURLProtocol 子类 34 个：TXYHyURLProtocol, BWAFileURLProtocol, CPURLProtocol, _NSCFURLProtocol, _NSURLAppSSOProtocol, _NSURLFileProtocol, _NSURLFTPProtocol, _NSURLDataProtocol, _NSURLHTTPProtocol, NSAboutURLProtocol, _NSCFWikipediaProtocol, _NSCFTranslatedFileURLProtocol, _NSCFTranslatedFileURLProtocol_PIMPL_7, _NSCFTranslatedFileURLProtocol_PIMPL_6, _NSCFTranslatedFileURLProtocol_PIMPL_5, _NSCFTranslatedFileURLProtocol_PIMPL_4, _NSCFTranslatedFileURLProtocol_PIMPL_3, _NSCFTranslatedFileURLProtocol_PIMPL_2, _NSCFTranslatedFileURLProtocol_PIMPL_1, _NSCFTranslatedFileURLProtocol_PIMPL_0, AAURLProtocol, AMSMockNetworkProxy, AppleMediaServices.MockNetworkProxy, WKCustomProtocol, FCExcerptURLProtocol, FCRecordFieldURLProtocol, FCMockURLProtocol, FCPuzzleThumbnailURLProtocol, QLPreviewURLProtocol, QLPreviewConverterURLProtocol, QLPreviewMultiPartURLProtocol, MPHomeSharingURLProtocol, MFMessageURLProtocol, MusicKit.ArtworkLoadingProtocol
03:23:29.642 [hook] ✓ 已替换 BBRMediaDownloader :: initWithURL:cacheWorker:
03:23:29.642 [hook] ✓ 已替换 BBRMediaDownloader :: downloadTaskFromOffset:length:toEnd:
03:23:29.642 [hook] · BGMFragmentP2pDownloader2 存在（P2P 分支可用，若 mediadl 计数为 0 则视频走它）
03:23:29.642 [boot] 探针安装完毕，等待播放器触发…
03:23:29.642 [boot] 心跳已启动：每 15 秒一次；侦察结束时与 45 秒后各强制写一份结论
03:23:29.642 [verdict] =========== 结论 [启动即写（此时尚未播放，仅供参考）] ===========
03:23:29.642 [verdict] 计数：委托类=0 setDelegate=0 shouldWait=0 | NSURLSession=0 NSURLRequest=0 | 下载器init=0 段级下载=0 | AVURLAsset=0 加载器类=0 | 预加载=0 | ★URLProtocol认领=0 启动=0
03:23:29.642 [verdict] 未命中 全部观测点仍为零（含 NSURLProtocol/NSURLConnection）。AVURLAsset=0 预加载=0 —— 若确实在播视频，说明字节完全不经 URL 系 API，属真正的自研传输栈
03:23:29.643 [verdict] =======================================
03:23:29.974 [request] NSURLRequest requestWithURL host=i0.hdslb.com
          URL=https://i0.hdslb.com/bfs/fawkes/dd/prod/iphone.zip
03:23:29.974 [request] NSURLRequest initWithURL host=i0.hdslb.com
          URL=https://i0.hdslb.com/bfs/fawkes/dd/prod/iphone.zip
03:23:29.974 [session] 媒体请求 method=GET host=i0.hdslb.com range=(无)
          URL=https://i0.hdslb.com/bfs/fawkes/dd/prod/iphone.zip
03:23:31.416 [cache] 路径：container=/var/mobile/Containers/Data/Application  library=/var/mobile/Containers/Data/Application/22552FC2-A01B-469C-AD04-467372D4B90C  caches=/var/mobile/Containers/Data/Application/22552FC2-A01B-469C-AD04-467372D4B90C/Library/Caches
03:23:31.436 [request] NSURLRequest requestWithURL host=i0.hdslb.com
          URL=https://i0.hdslb.com/bfs/archive/b9f49c9b33532c5d05f5ea701ecd063f81910e94.json
03:23:31.437 [request] NSURLRequest initWithURL host=i0.hdslb.com
          URL=https://i0.hdslb.com/bfs/archive/b9f49c9b33532c5d05f5ea701ecd063f81910e94.json
03:23:31.437 [request] NSURLRequest requestWithURL host=i0.hdslb.com
          URL=https://i0.hdslb.com/bfs/archive/8aee6952487d118b4207c1afa2fd38616bd7545a.json
03:23:31.437 [request] NSURLRequest initWithURL host=i0.hdslb.com
          URL=https://i0.hdslb.com/bfs/archive/8aee6952487d118b4207c1afa2fd38616bd7545a.json
03:23:31.438 [request] NSURLRequest requestWithURL host=i0.hdslb.com
          URL=https://i0.hdslb.com/bfs/archive/3ed718f59e9e9cf1ce148105c9db9559951d5a7d.json
03:23:31.438 [request] NSURLRequest initWithURL host=i0.hdslb.com
          URL=https://i0.hdslb.com/bfs/archive/3ed718f59e9e9cf1ce148105c9db9559951d5a7d.json
03:23:31.439 [request] NSURLRequest requestWithURL host=i0.hdslb.com
          URL=https://i0.hdslb.com/bfs/archive/c9a20055b712068bfe293878639dc9066ba2690b.json
03:23:31.439 [request] NSURLRequest initWithURL host=i0.hdslb.com
          URL=https://i0.hdslb.com/bfs/archive/c9a20055b712068bfe293878639dc9066ba2690b.json
03:23:31.642 [scan] 开始运行时侦察…
03:23:31.843 [resloader]   ✔ 实现者: IJKFFMoviePlayerControllerAVPlayer
03:23:31.907 [resloader]   ✔ 实现者: BBRResourceLoaderManager
03:23:31.911 [resloader]   ✔ 实现者: BBLiveBaseResourceLoaderManager
03:23:31.916 [resloader]   ✔ 实现者: BGMMediaRequestTask
03:23:31.944 [resloader]   ✔ 实现者: BLKTTSMediaRequestTask
03:23:31.958 [resloader]   ✔ 实现者: BBUperVIResourceLoaderManager
03:23:32.161 [resloader]   ✔ 实现者: CloudAsset.LoadingRequestHandler
03:23:32.232 [resloader]   ✔ 实现者: MADAVAssetResourceLoaderDelegate
03:23:32.279 [resloader]   ✔ 实现者: WebCoreSharedBufferResourceLoaderDelegate
03:23:32.280 [resloader]   ✔ 实现者: WebCoreAudioFileReaderLoaderDelegate
03:23:32.281 [resloader]   ✔ 实现者: WebCoreAVFLoaderDelegate
03:23:32.288 [resloader]   ✔ 实现者: LPAudio
03:23:32.288 [resloader]   ✔ 实现者: LPVideo
03:23:32.346 [resloader]   ✔ 实现者: FCAVAssetResourceLoader
03:23:32.501 [resloader]   ✔ 实现者: VCPInMemoryAVAsset
03:23:32.627 [io] ✓ 已写 resloader-delegates.txt (465 字节)
03:23:32.835 [cdn] 命中: BFCBandwidthManager (2 个选择子)
03:23:33.134 [cdn] 命中: BBUperUploadNetworkTool (2 个选择子)
03:23:33.255 [cdn] 命中: BGMMasterListProcessor (1 个选择子)
03:23:33.259 [cdn] 命中: BGMFragmentDownloader (1 个选择子)
03:23:33.266 [cdn] 命中: BGMFragmentContext (2 个选择子)
03:23:33.388 [cdn] 命中: BBLivePlayerP2PServerItem (1 个选择子)
03:23:33.393 [cdn] 命中: BBLivePlayerResolverHelper (1 个选择子)
03:23:35.348 [request] NSURLRequest requestWithURL host=i0.hdslb.com
          URL=https://i0.hdslb.com/bfs/archive/b9f49c9b33532c5d05f5ea701ecd063f81910e94.json
03:23:35.348 [request] NSURLRequest initWithURL host=i0.hdslb.com
          URL=https://i0.hdslb.com/bfs/archive/b9f49c9b33532c5d05f5ea701ecd063f81910e94.json
03:23:35.348 [request] NSURLRequest requestWithURL host=i0.hdslb.com
          URL=https://i0.hdslb.com/bfs/archive/8aee6952487d118b4207c1afa2fd38616bd7545a.json
03:23:35.348 [request] NSURLRequest initWithURL host=i0.hdslb.com
          URL=https://i0.hdslb.com/bfs/archive/8aee6952487d118b4207c1afa2fd38616bd7545a.json
03:23:35.349 [request] NSURLRequest requestWithURL host=i0.hdslb.com
          URL=https://i0.hdslb.com/bfs/archive/3ed718f59e9e9cf1ce148105c9db9559951d5a7d.json
03:23:35.349 [request] NSURLRequest initWithURL host=i0.hdslb.com
          URL=https://i0.hdslb.com/bfs/archive/3ed718f59e9e9cf1ce148105c9db9559951d5a7d.json
03:23:35.349 [request] NSURLRequest requestWithURL host=i0.hdslb.com
          URL=https://i0.hdslb.com/bfs/archive/c9a20055b712068bfe293878639dc9066ba2690b.json
03:23:35.349 [request] NSURLRequest initWithURL host=i0.hdslb.com
          URL=https://i0.hdslb.com/bfs/archive/c9a20055b712068bfe293878639dc9066ba2690b.json
03:23:35.404 [request] NSURLRequest requestWithURL host=i0.hdslb.com
          URL=https://i0.hdslb.com/bfs/archive/b9f49c9b33532c5d05f5ea701ecd063f81910e94.json
03:23:35.404 [request] NSURLRequest initWithURL host=i0.hdslb.com
          URL=https://i0.hdslb.com/bfs/archive/b9f49c9b33532c5d05f5ea701ecd063f81910e94.json
03:23:35.405 [request] NSURLRequest requestWithURL host=i0.hdslb.com
          URL=https://i0.hdslb.com/bfs/archive/8aee6952487d118b4207c1afa2fd38616bd7545a.json
03:23:35.405 [request] NSURLRequest initWithURL host=i0.hdslb.com
          URL=https://i0.hdslb.com/bfs/archive/8aee6952487d118b4207c1afa2fd38616bd7545a.json
03:23:35.405 [request] NSURLRequest requestWithURL host=i0.hdslb.com
          URL=https://i0.hdslb.com/bfs/archive/3ed718f59e9e9cf1ce148105c9db9559951d5a7d.json
03:23:35.405 [request] NSURLRequest initWithURL host=i0.hdslb.com
          URL=https://i0.hdslb.com/bfs/archive/3ed718f59e9e9cf1ce148105c9db9559951d5a7d.json
03:23:35.405 [request] NSURLRequest requestWithURL host=i0.hdslb.com
          URL=https://i0.hdslb.com/bfs/archive/c9a20055b712068bfe293878639dc9066ba2690b.json
03:23:35.405 [request] NSURLRequest initWithURL host=i0.hdslb.com
          URL=https://i0.hdslb.com/bfs/archive/c9a20055b712068bfe293878639dc9066ba2690b.json
03:23:35.951 [asset] AVURLAsset initWithURL scheme=file host=?
          URL=file:///private/var/containers/Bundle/Application/4D355674-6D3C-4A60-85C5-CA5F6E5DB696/bili-universal.app/blank.mp4
03:23:38.516 [request] NSURLRequest requestWithURL host=i0.hdslb.com
          URL=https://i0.hdslb.com/bfs/activity-plat/static/20220406/c4a9becc6e5e0e555db370b87b6e4bac/cGKI45H89U.svga
03:23:38.516 [request] NSURLRequest initWithURL host=i0.hdslb.com
          URL=https://i0.hdslb.com/bfs/activity-plat/static/20220406/c4a9becc6e5e0e555db370b87b6e4bac/cGKI45H89U.svga
03:23:38.516 [session] 媒体请求 method=GET host=i0.hdslb.com range=(无)
          URL=https://i0.hdslb.com/bfs/activity-plat/static/20220406/c4a9becc6e5e0e555db370b87b6e4bac/cGKI45H89U.svga
03:23:38.908 [cdn] 命中: BBLiveBCQualityComponent (2 个选择子)
03:23:39.168 [io] ✓ 已写 cdn-selectors.txt (751 字节)
03:23:40.925 [classes] 类侦察完成：枚举 149818 个类，命中记录 4000 个
03:23:40.973 [io] ✓ 已写 classes.txt (2811583 字节)
03:23:40.974 [scan] 运行时侦察完成。日志目录：/var/mobile/Containers/Data/Application/22552FC2-A01B-469C-AD04-467372D4B90C/Documents/biliprobe
03:23:40.974 [verdict] =========== 结论 [侦察完成] ===========
03:23:40.974 [verdict] 计数：委托类=0 setDelegate=0 shouldWait=0 | NSURLSession=2 NSURLRequest=28 | 下载器init=0 段级下载=0 | AVURLAsset=1 加载器类=0 | 预加载=0 | ★URLProtocol认领=0 启动=0
03:23:40.974 [verdict] 未命中 全部观测点仍为零（含 NSURLProtocol/NSURLConnection）。AVURLAsset=1 预加载=0 —— 若确实在播视频，说明字节完全不经 URL 系 API，属真正的自研传输栈
03:23:40.974 [verdict] =======================================
03:23:44.642 [beat] 第 1 次心跳（约 15 秒）| 委托类=0 setDelegate=0 shouldWait=0 | NSURLSession=2 NSURLRequest=28 | 下载器=0 段级下载=0 | 预加载=0 | URLProtocol=0/0
03:23:51.895 [cache] ===== Library 下各一级项 =====
 路径: /var/mobile/Containers/Data/Application/22552FC2-A01B-469C-AD04-467372D4B90C
 合计 649.82 MB，5 个一级项
  [目录] Library    639396707 字节  13799 个文件
  [目录] Documents     34732420 字节  147 个文件
  [目录] tmp      7258010 字节  208 个文件
  [文件] .com.apple.mobile_container_manager.metadata.plist            0 字节  1 个文件
  [目录] SystemData            0 字节  0 个文件

03:23:52.664 [cache] ===== Caches 下各一级项 =====
 路径: /var/mobile/Containers/Data/Application/22552FC2-A01B-469C-AD04-467372D4B90C/Library/Caches
 合计 30.89 MB，37 个一级项
  [目录] com.apple.dyld     10413213 字节  1 个文件
  [目录] WebKit      7401840 字节  150 个文件
  [目录] com.bilibili.webimage      5866061 字节  217 个文件
  [目录] tv.danmaku.bilianime1      3186619 字节  22 个文件
  [目录] com.bilibili.PullToRefreshResouce      1304827 字节  4 个文件
  [目录] Logs      1224542 字节  8 个文件
  [目录] BLog      1064960 字节  1 个文件
  [目录] com.bilibili.neuron       440560 字节  3 个文件
  [目录] live       415019 字节  57 个文件
  [目录] apm_net_log       338927 字节  8 个文件
  [目录] com.apple.WebKit.GPU       265664 字节  5 个文件
  [目录] BBPgcImagePreloadManager       225936 字节  3 个文件
  [目录] bbmallcache        56497 字节  8 个文件
  [目录] com.bilibili.webimage.player.preview        53248 字节  3 个文件
  [目录] hilo_offline        18289 字节  1 个文件
  [目录] inlineV2-seekBar-lottie-animations        17452 字节  2 个文件
  [目录] player-lottie-animations-story        17452 字节  2 个文件
  [文件] com.bilibili.edu.storage.81453740        16384 字节  1 个文件
  [文件] BFCApiCacheKVDBName        16384 字节  1 个文件
  [文件] com.bilibili.edu.storage.0        16384 字节  1 个文件
  [文件] com.bilibili.history.cloud.sync        16384 字节  1 个文件
  [目录] image_cache_kntr         4547 字节  3 个文件
  [文件] BBPlayerDMFilterUserModel.dat         3124 字节  1 个文件
  [文件] heartbeat.v2.cache         1666 字节  1 个文件
  [目录] BFC         1419 字节  3 个文件
  …

03:23:52.670 [cache] ===== Caches/BLog =====
 路径: /var/mobile/Containers/Data/Application/22552FC2-A01B-469C-AD04-467372D4B90C/Library/Caches/BLog
 合计 1.02 MB，1 个一级项
  [目录] cache      1064960 字节  1 个文件

03:23:52.673 [cache] ===== Caches/p2p_config =====
 路径: /var/mobile/Containers/Data/Application/22552FC2-A01B-469C-AD04-467372D4B90C/Library/Caches/p2p_config
 合计 0.00 MB，1 个一级项
  [文件] p2p_proxy.json          702 字节  1 个文件

03:23:52.679 [cache] ===== Caches/BBPgcImagePreloadManager =====
 路径: /var/mobile/Containers/Data/Application/22552FC2-A01B-469C-AD04-467372D4B90C/Library/Caches/BBPgcImagePreloadManager
 合计 0.22 MB，5 个一级项
  [文件] manifest.sqlite-wal       107152 字节  1 个文件
  [文件] manifest.sqlite        86016 字节  1 个文件
  [文件] manifest.sqlite-shm        32768 字节  1 个文件
  [目录] trash            0 字节  0 个文件
  [目录] data            0 字节  0 个文件

03:23:52.692 [cache] ===== Caches/bbmallcache =====
 路径: /var/mobile/Containers/Data/Application/22552FC2-A01B-469C-AD04-467372D4B90C/Library/Caches/bbmallcache
 合计 0.05 MB，1 个一级项
  [目录] mall_log        56497 字节  8 个文件

03:23:52.693 [cache] ===== Caches/player-lottie-animations =====
 路径: /var/mobile/Containers/Data/Application/22552FC2-A01B-469C-AD04-467372D4B90C/Library/Caches/player-lottie-animations
 合计 0.00 MB，0 个一级项

03:23:52.693 [cache] ===== Caches/errOrderV2 =====
 路径: /var/mobile/Containers/Data/Application/22552FC2-A01B-469C-AD04-467372D4B90C/Library/Caches/errOrderV2
 合计 0.00 MB，0 个一级项

03:23:52.948 [cache] ===== Caches/com.bilibili.webimage =====
 路径: /var/mobile/Containers/Data/Application/22552FC2-A01B-469C-AD04-467372D4B90C/Library/Caches/com.bilibili.webimage
 合计 5.59 MB，1 个一级项
  [目录] images      5866061 字节  217 个文件

03:23:52.949 [cache] ===== Caches/bfc_tracker_crash_flag_apm =====
 路径: /var/mobile/Containers/Data/Application/22552FC2-A01B-469C-AD04-467372D4B90C/Library/Caches/bfc_tracker_crash_flag_apm
 合计 0.00 MB，0 个一级项

03:23:52.950 [cache] ===== Caches/p2p_cache =====
 路径: /var/mobile/Containers/Data/Application/22552FC2-A01B-469C-AD04-467372D4B90C/Library/Caches/p2p_cache
 合计 0.00 MB，0 个一级项

03:23:52.988 [cache] ===== Caches/tv.danmaku.bilianime1 =====
 路径: /var/mobile/Containers/Data/Application/22552FC2-A01B-469C-AD04-467372D4B90C/Library/Caches/tv.danmaku.bilianime1
 合计 3.04 MB，8 个一级项
  [文件] Cache.db-wal      1940552 字节  1 个文件
  [目录] com.apple.metal       616056 字节  4 个文件
  [文件] Cache.db       352256 字节  1 个文件
  [目录] fsCachedData       128851 字节  10 个文件
  [目录] com.apple.opengl       116136 字节  4 个文件
  [文件] Cache.db-shm        32768 字节  1 个文件
  [目录] com.apple.gpuarchiver            0 字节  0 个文件
  [目录] com.apple.metalfe            0 字节  1 个文件

03:23:52.989 [cache] ===== Caches/glog =====
 路径: /var/mobile/Containers/Data/Application/22552FC2-A01B-469C-AD04-467372D4B90C/Library/Caches/glog
 合计 0.00 MB，0 个一级项

03:23:52.991 [cache] ===== Caches/hilo_offline =====
 路径: /var/mobile/Containers/Data/Application/22552FC2-A01B-469C-AD04-467372D4B90C/Library/Caches/hilo_offline
 合计 0.02 MB，1 个一级项
  [文件] manifest.json        18289 字节  1 个文件

03:23:52.992 [cache] ===== Caches/com.apple.dyld =====
 路径: /var/mobile/Containers/Data/Application/22552FC2-A01B-469C-AD04-467372D4B90C/Library/Caches/com.apple.dyld
 合计 9.93 MB，1 个一级项
  [文件] bili-universal.dyld4     10413213 字节  1 个文件

03:23:53.003 [cache] ===== Caches/com.apple.WebKit.GPU =====
 路径: /var/mobile/Containers/Data/Application/22552FC2-A01B-469C-AD04-467372D4B90C/Library/Caches/com.apple.WebKit.GPU
 合计 0.25 MB，4 个一级项
  [目录] 32024       131908 字节  2 个文件
  [文件] functions.data       131072 字节  1 个文件
  [文件] functions.list         2684 字节  1 个文件
  [文件] modules.timestamp            0 字节  1 个文件

03:23:53.006 [cache] ===== Caches/com.apple.nsurlsessiond =====
 路径: /var/mobile/Containers/Data/Application/22552FC2-A01B-469C-AD04-467372D4B90C/Library/Caches/com.apple.nsurlsessiond
 合计 0.00 MB，1 个一级项
  [目录] Downloads            0 字节  0 个文件

03:23:53.012 [cache] ===== Caches/com.bilibili.PullToRefreshResouce =====
 路径: /var/mobile/Containers/Data/Application/22552FC2-A01B-469C-AD04-467372D4B90C/Library/Caches/com.bilibili.PullToRefreshResouce
 合计 1.24 MB，5 个一级项
  [目录] data      1243307 字节  1 个文件
  [文件] manifest.sqlite-shm        32768 字节  1 个文件
  [文件] manifest.sqlite        20480 字节  1 个文件
  [文件] manifest.sqlite-wal         8272 字节  1 个文件
  [目录] trash            0 字节  0 个文件

03:23:53.015 [cache] ===== Caches/inlineV2-seekBar-lottie-animations =====
 路径: /var/mobile/Containers/Data/Application/22552FC2-A01B-469C-AD04-467372D4B90C/Library/Caches/inlineV2-seekBar-lottie-animations
 合计 0.02 MB，2 个一级项
  [文件] 5648c2926c1c93eb2d30748994ba7b96.json        10053 字节  1 个文件
  [文件] 31df8ce99de871afaa66a7a78f44deec.json         7399 字节  1 个文件

03:23:53.028 [cache] ===== Caches/Logs =====
 路径: /var/mobile/Containers/Data/Application/22552FC2-A01B-469C-AD04-467372D4B90C/Library/Caches/Logs
 合计 1.17 MB，8 个一级项
  [文件] tv.danmaku.bilianime1 2026-09-21--01-21-12-912.log      1172148 字节  1 个文件
  [文件] .mmap        51200 字节  1 个文件
  [文件] tv.danmaku.bilianime1 2026-09-21--02-07-59-921.log          239 字节  1 个文件
  [文件] tv.danmaku.bilianime1 2026-09-21--02-19-14-912.log          239 字节  1 个文件
  [文件] tv.danmaku.bilianime1 2026-09-21--02-40-44-195.log          239 字节  1 个文件
  [文件] tv.danmaku.bilianime1 2026-09-21--02-01-38-414.log          239 字节  1 个文件
  [文件] tv.danmaku.bilianime1 2026-09-21--02-30-01-427.log          238 字节  1 个文件
  [文件] tv.danmaku.bilianime1 2026-09-21--03-23-37-331.log            0 字节  1 个文件

03:23:53.029 [cache] ===== Caches/bfc_tracker_crash_all_flag_apm =====
 路径: /var/mobile/Containers/Data/Application/22552FC2-A01B-469C-AD04-467372D4B90C/Library/Caches/bfc_tracker_crash_all_flag_apm
 合计 0.00 MB，0 个一级项

03:23:53.103 [cache] ===== Caches/live =====
 路径: /var/mobile/Containers/Data/Application/22552FC2-A01B-469C-AD04-467372D4B90C/Library/Caches/live
 合计 0.40 MB，2 个一级项
  [目录] caches       415019 字节  57 个文件
  [目录] chronos            0 字节  0 个文件

03:23:53.355 [cache] ===== Caches/WebKit =====
 路径: /var/mobile/Containers/Data/Application/22552FC2-A01B-469C-AD04-467372D4B90C/Library/Caches/WebKit
 合计 7.06 MB，4 个一级项
  [目录] NetworkCache      7340216 字节  146 个文件
  [目录] AlternativeServices        61616 字节  3 个文件
  [目录] CacheStorage            8 字节  1 个文件
  [目录] HSTS            0 字节  0 个文件

03:23:53.361 [cache] ===== Caches/com.bilibili.neuron =====
 路径: /var/mobile/Containers/Data/Application/22552FC2-A01B-469C-AD04-467372D4B90C/Library/Caches/com.bilibili.neuron
 合计 0.42 MB，5 个一级项
  [文件] manifest.sqlite-wal       387312 字节  1 个文件
  [文件] manifest.sqlite-shm        32768 字节  1 个文件
  [文件] manifest.sqlite        20480 字节  1 个文件
  [目录] trash            0 字节  0 个文件
  [目录] data            0 字节  0 个文件

03:23:53.364 [cache] ===== Caches/image_cache_kntr =====
 路径: /var/mobile/Containers/Data/Application/22552FC2-A01B-469C-AD04-467372D4B90C/Library/Caches/image_cache_kntr
 合计 0.00 MB，3 个一级项
  [文件] -905781447.0         2261 字节  1 个文件
  [文件] -578926167.0         2177 字节  1 个文件
  [文件] journal          109 字节  1 个文件

03:23:53.365 [cache] ===== Caches/im =====
 路径: /var/mobile/Containers/Data/Application/22552FC2-A01B-469C-AD04-467372D4B90C/Library/Caches/im
 合计 0.00 MB，0 个一级项

03:23:53.374 [cache] ===== Caches/com.bilibili.webimage.player.preview =====
 路径: /var/mobile/Containers/Data/Application/22552FC2-A01B-469C-AD04-467372D4B90C/Library/Caches/com.bilibili.webimage.player.preview
 合计 0.05 MB，1 个一级项
  [目录] images        53248 字节  3 个文件

03:23:53.378 [cache] ===== Caches/BFC =====
 路径: /var/mobile/Containers/Data/Application/22552FC2-A01B-469C-AD04-467372D4B90C/Library/Caches/BFC
 合计 0.00 MB，2 个一级项
  [目录] AppReboot          968 字节  2 个文件
  [文件] Model_Config          451 字节  1 个文件

03:23:53.379 [cache] ===== Caches/com.apple.WebKit.Networking =====
 路径: /var/mobile/Containers/Data/Application/22552FC2-A01B-469C-AD04-467372D4B90C/Library/Caches/com.apple.WebKit.Networking
 合计 0.00 MB，0 个一级项

03:23:53.382 [cache] ===== Caches/player-lottie-animations-story =====
 路径: /var/mobile/Containers/Data/Application/22552FC2-A01B-469C-AD04-467372D4B90C/Library/Caches/player-lottie-animations-story
 合计 0.02 MB，2 个一级项
  [文件] 5648c2926c1c93eb2d30748994ba7b96.json        10053 字节  1 个文件
  [文件] 31df8ce99de871afaa66a7a78f44deec.json         7399 字节  1 个文件

03:23:53.383 [cache] ===== Caches/CustomDiskCache =====
 路径: /var/mobile/Containers/Data/Application/22552FC2-A01B-469C-AD04-467372D4B90C/Library/Caches/CustomDiskCache
 合计 0.00 MB，0 个一级项

03:23:53.395 [cache] ===== Caches/apm_net_log =====
 路径: /var/mobile/Containers/Data/Application/22552FC2-A01B-469C-AD04-467372D4B90C/Library/Caches/apm_net_log
 合计 0.32 MB，8 个一级项
  [文件] tv.danmaku.bilianime1 2026-09-21--01-21-14-974.log       153870 字节  1 个文件
  [文件] .mmap        51200 字节  1 个文件
  [文件] tv.danmaku.bilianime1 2026-09-21--02-01-31-497.log        34264 字节  1 个文件
  [文件] tv.danmaku.bilianime1 2026-09-21--02-40-37-216.log        32064 字节  1 个文件
  [文件] tv.danmaku.bilianime1 2026-09-21--02-19-07-911.log        23860 字节  1 个文件
  [文件] tv.danmaku.bilianime1 2026-09-21--02-07-52-906.log        23005 字节  1 个文件
  [文件] tv.danmaku.bilianime1 2026-09-21--02-29-54-288.log        20664 字节  1 个文件
  [文件] tv.danmaku.bilianime1 2026-09-21--03-23-30-515.log            0 字节  1 个文件

03:23:53.689 [cache] ===== Documents 下各一级项 =====
 路径: /var/mobile/Containers/Data/Application/22552FC2-A01B-469C-AD04-467372D4B90C/Documents
 合计 35.85 MB，36 个一级项
  [目录] .Trash     14151259 字节  26 个文件
  [目录] BBPhoneThemes      6345456 字节  17 个文件
  [目录] BrandSplash      4455629 字节  24 个文件
  [目录] BLog      3980622 字节  1 个文件
  [目录] db      3293184 字节  2 个文件
  [目录] biliprobe      2846322 字节  5 个文件
  [目录] WebApplet      1781534 字节  19 个文件
  [目录] com.bilibili.bcm       159744 字节  9 个文件
  [目录] localThemes       156256 字节  3 个文件
  [目录] live        65133 字节  12 个文件
  [目录] database        57496 字节  4 个文件
  [目录] .Downloads        57496 字节  4 个文件
  [目录] com.bilibili.bbad        53248 字节  3 个文件
  [目录] UploadSDKDB        49152 字节  3 个文件
  [目录] pegasus_resource        45287 字节  4 个文件
  …

03:23:53.689 [cache] 缓存盘点完成
03:23:59.642 [beat] 第 2 次心跳（约 30 秒）| 委托类=0 setDelegate=0 shouldWait=0 | NSURLSession=2 NSURLRequest=28 | 下载器=0 段级下载=0 | 预加载=0 | URLProtocol=0/0
03:24:14.643 [beat] 第 3 次心跳（约 45 秒）| 委托类=0 setDelegate=0 shouldWait=0 | NSURLSession=2 NSURLRequest=28 | 下载器=0 段级下载=0 | 预加载=0 | URLProtocol=0/0
03:24:14.644 [verdict] =========== 结论 [45 秒] ===========
03:24:14.645 [verdict] 计数：委托类=0 setDelegate=0 shouldWait=0 | NSURLSession=2 NSURLRequest=28 | 下载器init=0 段级下载=0 | AVURLAsset=1 加载器类=0 | 预加载=0 | ★URLProtocol认领=0 启动=0
03:24:14.645 [verdict] 未命中 全部观测点仍为零（含 NSURLProtocol/NSURLConnection）。AVURLAsset=1 预加载=0 —— 若确实在播视频，说明字节完全不经 URL 系 API，属真正的自研传输栈
03:24:14.646 [verdict] =======================================
03:24:29.643 [beat] 第 4 次心跳（约 60 秒）| 委托类=0 setDelegate=0 shouldWait=0 | NSURLSession=2 NSURLRequest=28 | 下载器=0 段级下载=0 | 预加载=0 | URLProtocol=0/0
03:24:44.741 [beat] 第 5 次心跳（约 75 秒）| 委托类=0 setDelegate=0 shouldWait=0 | NSURLSession=2 NSURLRequest=28 | 下载器=0 段级下载=0 | 预加载=0 | URLProtocol=0/0
