02:40:36.530 [boot] ================ BiliProbe 已加载 ================
02:40:36.538 [boot] 构建 SHA=15db232  构建时间=2026-09-20T18:36:24Z  编译于 Sep 20 2026 18:36:28
02:40:36.538 [boot] 观测点清单：AVAssetResourceLoader / NSURLSession×2 / NSURLRequest×3 / BBRMediaDownloader×2
02:40:36.538 [boot] 主程序=/private/var/containers/Bundle/Application/54C8A6C0-EAF9-4996-BC4C-499F99ADC955/bili-universal.app/bili-universal PID=11412
02:40:36.544 [io] ✓ 已写 environment.txt (847 字节)
02:40:36.544 [env] 自检完成：系统 iOS 27.0 / 镜像 1283 个
02:40:36.544 [hook] ✓ 已替换 AVAssetResourceLoader :: setDelegate:queue:
02:40:36.544 [hook] ✓ 已替换 NSURLSession :: dataTaskWithRequest:completionHandler:
02:40:36.544 [hook] ✓ 已替换 NSURLSession :: dataTaskWithRequest:
02:40:36.544 [hook] ✓ 已替换 NSURLRequest :: initWithURL:
02:40:36.544 [hook] ✗ NSURLRequest 上 initWithURLString: 不存在，跳过
02:40:36.544 [hook] ✓ 已替换 NSURLRequest :: requestWithURL:
02:40:36.544 [hook] ✓ 已替换 AVURLAsset :: initWithURL:options:
02:40:36.545 [hook] ✓ 已替换 AVURLAsset :: resourceLoader
02:40:36.545 [hook] ✓ 已替换 BBPlayerPreload :: preloadItems:unite:
02:40:36.545 [hook] ✓ 已替换 BBRMediaDownloader :: initWithURL:cacheWorker:
02:40:36.545 [hook] ✓ 已替换 BBRMediaDownloader :: downloadTaskFromOffset:length:toEnd:
02:40:36.545 [hook] · BGMFragmentP2pDownloader2 存在（P2P 分支可用，若 mediadl 计数为 0 则视频走它）
02:40:36.545 [boot] 探针安装完毕，等待播放器触发…
02:40:36.545 [boot] 心跳已启动：每 15 秒一次；侦察结束时与 45 秒后各强制写一份结论
02:40:36.545 [verdict] =========== 结论 [启动即写（此时尚未播放，仅供参考）] ===========
02:40:36.545 [verdict] 计数：委托类=0 setDelegate=0 shouldWait=0 | NSURLSession=0 NSURLRequest=0 | 下载器init=0 段级下载=0 | AVURLAsset=0 加载器类=0 | 预加载=0
02:40:36.545 [verdict] 未命中 连 AVURLAsset 都没创建 → 播放器不是 AVPlayer 系，或取日志时视频尚未开始
02:40:36.545 [verdict] =======================================
02:40:36.839 [request] NSURLRequest requestWithURL host=i1.hdslb.com
          URL=https://i1.hdslb.com/bfs/fawkes/dd/prod/iphone.zip
02:40:36.839 [request] NSURLRequest initWithURL host=i1.hdslb.com
          URL=https://i1.hdslb.com/bfs/fawkes/dd/prod/iphone.zip
02:40:36.840 [session] 媒体请求 method=GET host=i1.hdslb.com range=(无)
          URL=https://i1.hdslb.com/bfs/fawkes/dd/prod/iphone.zip
02:40:38.349 [request] NSURLRequest requestWithURL host=i0.hdslb.com
          URL=https://i0.hdslb.com/bfs/archive/b9f49c9b33532c5d05f5ea701ecd063f81910e94.json
02:40:38.349 [request] NSURLRequest initWithURL host=i0.hdslb.com
          URL=https://i0.hdslb.com/bfs/archive/b9f49c9b33532c5d05f5ea701ecd063f81910e94.json
02:40:38.350 [request] NSURLRequest requestWithURL host=i0.hdslb.com
          URL=https://i0.hdslb.com/bfs/archive/8aee6952487d118b4207c1afa2fd38616bd7545a.json
02:40:38.350 [request] NSURLRequest initWithURL host=i0.hdslb.com
          URL=https://i0.hdslb.com/bfs/archive/8aee6952487d118b4207c1afa2fd38616bd7545a.json
02:40:38.351 [request] NSURLRequest requestWithURL host=i0.hdslb.com
          URL=https://i0.hdslb.com/bfs/archive/3ed718f59e9e9cf1ce148105c9db9559951d5a7d.json
02:40:38.351 [request] NSURLRequest initWithURL host=i0.hdslb.com
          URL=https://i0.hdslb.com/bfs/archive/3ed718f59e9e9cf1ce148105c9db9559951d5a7d.json
02:40:38.351 [request] NSURLRequest requestWithURL host=i0.hdslb.com
          URL=https://i0.hdslb.com/bfs/archive/c9a20055b712068bfe293878639dc9066ba2690b.json
02:40:38.351 [request] NSURLRequest initWithURL host=i0.hdslb.com
          URL=https://i0.hdslb.com/bfs/archive/c9a20055b712068bfe293878639dc9066ba2690b.json
02:40:39.051 [scan] 开始运行时侦察…
02:40:46.436 [resloader]   ✔ 实现者: IJKFFMoviePlayerControllerAVPlayer
02:40:46.461 [resloader]   ✔ 实现者: BBRResourceLoaderManager
02:40:46.465 [resloader]   ✔ 实现者: BBLiveBaseResourceLoaderManager
02:40:46.468 [resloader]   ✔ 实现者: BGMMediaRequestTask
02:40:46.484 [resloader]   ✔ 实现者: BLKTTSMediaRequestTask
02:40:46.498 [resloader]   ✔ 实现者: BBUperVIResourceLoaderManager
02:40:46.633 [resloader]   ✔ 实现者: CloudAsset.LoadingRequestHandler
02:40:46.740 [resloader]   ✔ 实现者: MADAVAssetResourceLoaderDelegate
02:40:46.789 [resloader]   ✔ 实现者: WebCoreSharedBufferResourceLoaderDelegate
02:40:46.790 [resloader]   ✔ 实现者: WebCoreAudioFileReaderLoaderDelegate
02:40:46.790 [resloader]   ✔ 实现者: WebCoreAVFLoaderDelegate
02:40:46.798 [resloader]   ✔ 实现者: LPAudio
02:40:46.799 [resloader]   ✔ 实现者: LPVideo
02:40:46.865 [resloader]   ✔ 实现者: FCAVAssetResourceLoader
02:40:47.119 [resloader]   ✔ 实现者: VCPInMemoryAVAsset
02:40:47.254 [io] ✓ 已写 resloader-delegates.txt (465 字节)
02:40:47.631 [cdn] 命中: BGMMasterListProcessor (1 个选择子)
02:40:47.636 [cdn] 命中: BGMFragmentDownloader (1 个选择子)
02:40:47.637 [cdn] 命中: BGMFragmentContext (2 个选择子)
02:40:47.698 [cdn] 命中: BBLivePlayerP2PServerItem (1 个选择子)
02:40:47.703 [cdn] 命中: BBLivePlayerResolverHelper (1 个选择子)
02:40:50.335 [cdn] 命中: BBUperUploadNetworkTool (2 个选择子)
02:40:51.171 [cdn] 命中: BFCBandwidthManager (2 个选择子)
02:40:51.546 [beat] 第 1 次心跳（约 15 秒）| 委托类=0 setDelegate=0 shouldWait=0 | NSURLSession=1 NSURLRequest=10 | 下载器=0 段级下载=0 | 预加载=0
02:40:51.941 [cdn] 命中: BBLiveBCQualityComponent (2 个选择子)
02:40:52.215 [io] ✓ 已写 cdn-selectors.txt (751 字节)
02:40:53.751 [classes] 类侦察完成：枚举 148939 个类，命中记录 4000 个
02:40:53.770 [io] ✓ 已写 classes.txt (2819702 字节)
02:40:53.771 [scan] 运行时侦察完成。日志目录：/var/mobile/Containers/Data/Application/38C757A9-01BC-4F73-9FE8-79C75E59E14E/Documents/biliprobe
02:40:53.771 [verdict] =========== 结论 [侦察完成] ===========
02:40:53.771 [verdict] 计数：委托类=0 setDelegate=0 shouldWait=0 | NSURLSession=1 NSURLRequest=10 | 下载器init=0 段级下载=0 | AVURLAsset=0 加载器类=0 | 预加载=0
02:40:53.771 [verdict] 未命中 连 AVURLAsset 都没创建 → 播放器不是 AVPlayer 系，或取日志时视频尚未开始
02:40:53.772 [verdict] =======================================
02:41:02.129 [cache] ===== Library =====
 路径: /var/mobile/Containers/Data/Application/38C757A9-01BC-4F73-9FE8-79C75E59E14E
 合计 680977230 字节（649.43 MB），5 项
  [目录] Documents   30434788 字节
  [文件] .com.apple.mobile_container_manager.metadata.plist          0 字节
  [目录] Library  636542957 字节
  [目录] SystemData          0 字节
  [目录] tmp   13999485 字节
02:41:02.130 [cache] Library/Caches 不存在: /var/mobile/Containers/Data/Application/38C757A9-01BC-4F73-9FE8-79C75E59E14E/Caches
02:41:02.131 [cache] 缓存盘点完成
02:41:06.546 [beat] 第 2 次心跳（约 30 秒）| 委托类=0 setDelegate=0 shouldWait=0 | NSURLSession=1 NSURLRequest=10 | 下载器=0 段级下载=0 | 预加载=0
02:41:21.546 [beat] 第 3 次心跳（约 45 秒）| 委托类=0 setDelegate=0 shouldWait=0 | NSURLSession=1 NSURLRequest=10 | 下载器=0 段级下载=0 | 预加载=0
02:41:21.546 [verdict] =========== 结论 [45 秒] ===========
02:41:21.547 [verdict] 计数：委托类=0 setDelegate=0 shouldWait=0 | NSURLSession=1 NSURLRequest=10 | 下载器init=0 段级下载=0 | AVURLAsset=0 加载器类=0 | 预加载=0
02:41:21.547 [verdict] 未命中 连 AVURLAsset 都没创建 → 播放器不是 AVPlayer 系，或取日志时视频尚未开始
02:41:21.547 [verdict] =======================================
02:41:36.545 [beat] 第 4 次心跳（约 60 秒）| 委托类=0 setDelegate=0 shouldWait=0 | NSURLSession=1 NSURLRequest=10 | 下载器=0 段级下载=0 | 预加载=0
02:41:51.546 [beat] 第 5 次心跳（约 75 秒）| 委托类=0 setDelegate=0 shouldWait=0 | NSURLSession=1 NSURLRequest=10 | 下载器=0 段级下载=0 | 预加载=0
02:42:06.546 [beat] 第 6 次心跳（约 90 秒）| 委托类=0 setDelegate=0 shouldWait=0 | NSURLSession=1 NSURLRequest=10 | 下载器=0 段级下载=0 | 预加载=0
