01:21:12.467 [boot] ================ BiliProbe 已加载 ================
01:21:12.473 [boot] 主程序=/private/var/containers/Bundle/Application/08A1B80B-EFF0-4811-BE1D-6F3043C7273E/bili-universal.app/bili-universal PID=10915
01:21:12.479 [io] ✓ 已写 environment.txt (847 字节)
01:21:12.479 [env] 自检完成：系统 iOS 27.0 / 镜像 1283 个
01:21:12.479 [hook] ✓ 已替换 AVAssetResourceLoader :: setDelegate:queue:
01:21:12.479 [hook] ✓ 已替换 NSURLSession :: dataTaskWithRequest:completionHandler:
01:21:12.479 [hook] ✓ 已替换 NSURLSession :: dataTaskWithRequest:
01:21:12.479 [boot] 探针安装完毕，等待播放器触发…
01:21:12.852 [session] 媒体请求 method=GET host=i0.hdslb.com range=(无)
          URL=https://i0.hdslb.com/bfs/fawkes/dd/prod/iphone.zip
01:21:14.538 [scan] 开始运行时侦察…
01:21:15.393 [session] 媒体请求 method=GET host=i0.hdslb.com range=(无)
          URL=https://i0.hdslb.com/bfs/bangumi/image/c00c19ac7623e7d866194ddbb0b53ad2b034e59e.svga
01:21:15.393 [session] 媒体请求 method=GET host=i0.hdslb.com range=(无)
          URL=https://i0.hdslb.com/bfs/activity-plat/static/20220829/a482bf9fe3e46d341bcbc1cf32618543/pqeoLy9dbS.png
01:21:15.393 [session] 媒体请求 method=GET host=i0.hdslb.com range=(无)
          URL=https://i0.hdslb.com/bfs/activity-plat/static/20220829/a482bf9fe3e46d341bcbc1cf32618543/HllKqWBM8A.png
01:21:15.393 [session] 媒体请求 method=GET host=i0.hdslb.com range=(无)
          URL=https://i0.hdslb.com/bfs/activity-plat/static/20220829/a482bf9fe3e46d341bcbc1cf32618543/vqLieiUH4G.png
01:21:15.393 [session] 媒体请求 method=GET host=i0.hdslb.com range=(无)
          URL=https://i0.hdslb.com/bfs/activity-plat/static/20220829/a482bf9fe3e46d341bcbc1cf32618543/IHTqbhXeDQ.png
01:21:15.393 [session] 媒体请求 method=GET host=i0.hdslb.com range=(无)
          URL=https://i0.hdslb.com/bfs/activity-plat/static/20220829/a482bf9fe3e46d341bcbc1cf32618543/XOA24s8ROL.png
01:21:15.393 [session] 媒体请求 method=GET host=i0.hdslb.com range=(无)
          URL=https://i0.hdslb.com/bfs/activity-plat/static/20220829/a482bf9fe3e46d341bcbc1cf32618543/UYYseM36yE.png
01:21:15.393 [session] 媒体请求 method=GET host=i0.hdslb.com range=(无)
          URL=https://i0.hdslb.com/bfs/activity-plat/static/20220829/a482bf9fe3e46d341bcbc1cf32618543/QzjxU8JXUm.png
01:21:15.393 [session] 媒体请求 method=GET host=i0.hdslb.com range=(无)
          URL=https://i0.hdslb.com/bfs/activity-plat/static/20220829/a482bf9fe3e46d341bcbc1cf32618543/0ftIJqojyx.png
01:21:15.393 [session] 媒体请求 method=GET host=i0.hdslb.com range=(无)
          URL=https://i0.hdslb.com/bfs/activity-plat/static/20220831/a482bf9fe3e46d341bcbc1cf32618543/Sb1BQxd6am.png
01:21:15.394 [session] 媒体请求 method=GET host=i0.hdslb.com range=(无)
          URL=https://i0.hdslb.com/bfs/activity-plat/static/20220915/b80a469d09a235bd57d125662dca2ca2/GewdxuCnBZ.png
01:21:15.394 [session] 媒体请求 method=GET host=i0.hdslb.com range=(无)
          URL=https://i0.hdslb.com/bfs/activity-plat/static/20220915/b80a469d09a235bd57d125662dca2ca2/IkRmIJIDqN.png
01:21:15.394 [session] 媒体请求 method=GET host=i0.hdslb.com range=(无)
          URL=https://i0.hdslb.com/bfs/activity-plat/static/20220913/a5480f18ac08c1e30876e3fde84db784/MjbvKGpey3.png
01:21:16.213 [session] 媒体请求 method=GET host=i0.hdslb.com range=(无)
          URL=https://i0.hdslb.com/bfs/fawkes/dd/iphone/prod/default/39082/iphone_39082.zip
01:21:16.273 [session] 媒体请求 method=GET host=i0.hdslb.com range=(无)
          URL=https://i0.hdslb.com/bfs/fawkes/dd/iphone/prod/default/39082/iphone_default_39082.zip
01:21:19.279 [resloader]   ✔ 实现者: IJKFFMoviePlayerControllerAVPlayer
01:21:19.308 [resloader]   ✔ 实现者: BBRResourceLoaderManager
01:21:19.311 [resloader]   ✔ 实现者: BBLiveBaseResourceLoaderManager
01:21:19.316 [resloader]   ✔ 实现者: BGMMediaRequestTask
01:21:19.334 [resloader]   ✔ 实现者: BLKTTSMediaRequestTask
01:21:19.353 [resloader]   ✔ 实现者: BBUperVIResourceLoaderManager
01:21:19.520 [resloader]   ✔ 实现者: CloudAsset.LoadingRequestHandler
01:21:19.627 [resloader]   ✔ 实现者: MADAVAssetResourceLoaderDelegate
01:21:19.696 [resloader]   ✔ 实现者: WebCoreSharedBufferResourceLoaderDelegate
01:21:19.696 [resloader]   ✔ 实现者: WebCoreAudioFileReaderLoaderDelegate
01:21:19.697 [resloader]   ✔ 实现者: WebCoreAVFLoaderDelegate
01:21:19.707 [resloader]   ✔ 实现者: LPAudio
01:21:19.708 [resloader]   ✔ 实现者: LPVideo
01:21:19.780 [resloader]   ✔ 实现者: FCAVAssetResourceLoader
01:21:19.866 [resloader]   ✔ 实现者: VCPInMemoryAVAsset
01:21:20.314 [io] ✓ 已写 resloader-delegates.txt (465 字节)
01:21:20.683 [cdn] 命中: BBUperUploadNetworkTool (2 个选择子)
01:21:20.752 [cdn] 命中: BGMMasterListProcessor (1 个选择子)
01:21:20.755 [cdn] 命中: BGMFragmentDownloader (1 个选择子)
01:21:20.757 [cdn] 命中: BGMFragmentContext (2 个选择子)
01:21:20.811 [cdn] 命中: BBLivePlayerP2PServerItem (1 个选择子)
01:21:20.813 [cdn] 命中: BBLivePlayerResolverHelper (1 个选择子)
01:21:23.909 [cdn] 命中: BFCBandwidthManager (2 个选择子)
01:21:25.464 [cdn] 命中: BBLiveBCQualityComponent (2 个选择子)
01:21:25.700 [io] ✓ 已写 cdn-selectors.txt (751 字节)
01:21:27.281 [classes] 类侦察完成：枚举 148961 个类，命中记录 4000 个
01:21:27.296 [io] ✓ 已写 classes.txt (2812367 字节)
01:21:27.296 [scan] 运行时侦察完成。日志目录：/var/mobile/Containers/Data/Application/972DF614-B9D8-4758-A877-51D2E519AF3B/Documents/biliprobe
01:23:00.401 [session] 媒体请求 method=GET host=i0.hdslb.com range=(无)
          URL=https://i0.hdslb.com/bfs/archive/b9f49c9b33532c5d05f5ea701ecd063f81910e94.json
01:23:00.401 [session] 媒体请求 method=GET host=i0.hdslb.com range=(无)
          URL=https://i0.hdslb.com/bfs/archive/8aee6952487d118b4207c1afa2fd38616bd7545a.json
01:23:00.401 [session] 媒体请求 method=GET host=i0.hdslb.com range=(无)
          URL=https://i0.hdslb.com/bfs/archive/3ed718f59e9e9cf1ce148105c9db9559951d5a7d.json
01:23:00.401 [session] 媒体请求 method=GET host=i0.hdslb.com range=(无)
          URL=https://i0.hdslb.com/bfs/archive/c9a20055b712068bfe293878639dc9066ba2690b.json
02:01:30.707 [boot] ================ BiliProbe 已加载 ================
02:01:30.713 [boot] 主程序=/private/var/containers/Bundle/Application/04B1A88F-0579-48B4-8CB7-5473184E5686/bili-universal.app/bili-universal PID=11217
02:01:30.723 [io] ✓ 已写 environment.txt (847 字节)
02:01:30.723 [env] 自检完成：系统 iOS 27.0 / 镜像 1283 个
02:01:30.723 [hook] ✓ 已替换 AVAssetResourceLoader :: setDelegate:queue:
02:01:30.723 [hook] ✓ 已替换 NSURLSession :: dataTaskWithRequest:completionHandler:
02:01:30.723 [hook] ✓ 已替换 NSURLSession :: dataTaskWithRequest:
02:01:30.723 [hook] ✓ 已替换 NSURLRequest :: initWithURL:
02:01:30.723 [boot] 探针安装完毕，等待播放器触发…
02:01:30.723 [boot] 心跳已启动：每 15 秒一次；侦察结束时与 45 秒后各强制写一份结论
02:01:30.723 [verdict] =========== 结论 [启动即写（此时尚未播放，仅供参考）] ===========
02:01:30.723 [verdict] 计数：已挂委托类=0 setDelegate=0 shouldWait=0 renewal=0 authChallenge=0 cancel=0 | NSURLSession媒体请求=0 NSURLRequest媒体构造=0
02:01:30.723 [verdict] ❌ 三个观测点（AVAssetResourceLoader / NSURLSession / NSURLRequest）**全部为零**。若你确实播放了视频，说明媒体请求不经过任何 NSURL 系 API（自研 socket 栈），需要换注入思路；若没播放，请播放后重取日志
02:01:30.723 [verdict] =======================================
02:01:31.099 [request] NSURLRequest 构造 host=i2.hdslb.com
          URL=https://i2.hdslb.com/bfs/fawkes/dd/prod/iphone.zip
02:01:31.100 [session] 媒体请求 method=GET host=i2.hdslb.com range=(无)
          URL=https://i2.hdslb.com/bfs/fawkes/dd/prod/iphone.zip
02:01:32.608 [request] NSURLRequest 构造 host=i0.hdslb.com
          URL=https://i0.hdslb.com/bfs/archive/b9f49c9b33532c5d05f5ea701ecd063f81910e94.json
02:01:32.616 [request] NSURLRequest 构造 host=i0.hdslb.com
          URL=https://i0.hdslb.com/bfs/archive/8aee6952487d118b4207c1afa2fd38616bd7545a.json
02:01:32.617 [request] NSURLRequest 构造 host=i0.hdslb.com
          URL=https://i0.hdslb.com/bfs/archive/3ed718f59e9e9cf1ce148105c9db9559951d5a7d.json
02:01:32.618 [request] NSURLRequest 构造 host=i0.hdslb.com
          URL=https://i0.hdslb.com/bfs/archive/c9a20055b712068bfe293878639dc9066ba2690b.json
02:01:32.778 [scan] 开始运行时侦察…
02:01:45.724 [beat] 第 1 次心跳（约 15 秒）| 已挂委托类=0 setDelegate=0 shouldWait=0 renewal=0 authChallenge=0 cancel=0 | NSURLSession=1 NSURLRequest=5
02:01:46.112 [resloader]   ✔ 实现者: IJKFFMoviePlayerControllerAVPlayer
02:01:46.149 [resloader]   ✔ 实现者: BBRResourceLoaderManager
02:01:46.154 [resloader]   ✔ 实现者: BBLiveBaseResourceLoaderManager
02:01:46.158 [resloader]   ✔ 实现者: BGMMediaRequestTask
02:01:46.178 [resloader]   ✔ 实现者: BLKTTSMediaRequestTask
02:01:46.195 [resloader]   ✔ 实现者: BBUperVIResourceLoaderManager
02:01:46.352 [resloader]   ✔ 实现者: CloudAsset.LoadingRequestHandler
02:01:46.437 [resloader]   ✔ 实现者: MADAVAssetResourceLoaderDelegate
02:01:46.501 [resloader]   ✔ 实现者: WebCoreSharedBufferResourceLoaderDelegate
02:01:46.502 [resloader]   ✔ 实现者: WebCoreAudioFileReaderLoaderDelegate
02:01:46.502 [resloader]   ✔ 实现者: WebCoreAVFLoaderDelegate
02:01:46.515 [resloader]   ✔ 实现者: LPAudio
02:01:46.516 [resloader]   ✔ 实现者: LPVideo
02:01:46.590 [resloader]   ✔ 实现者: FCAVAssetResourceLoader
02:01:46.771 [resloader]   ✔ 实现者: VCPInMemoryAVAsset
02:01:47.182 [io] ✓ 已写 resloader-delegates.txt (465 字节)
02:01:47.824 [cdn] 命中: BGMMasterListProcessor (1 个选择子)
02:01:47.834 [cdn] 命中: BGMFragmentDownloader (1 个选择子)
02:01:47.836 [cdn] 命中: BGMFragmentContext (2 个选择子)
02:01:47.922 [cdn] 命中: BBLivePlayerP2PServerItem (1 个选择子)
02:01:47.925 [cdn] 命中: BBLivePlayerResolverHelper (1 个选择子)
02:01:51.202 [cdn] 命中: BBUperUploadNetworkTool (2 个选择子)
02:01:52.055 [cdn] 命中: BFCBandwidthManager (2 个选择子)
02:01:52.839 [cdn] 命中: BBLiveBCQualityComponent (2 个选择子)
02:01:53.135 [io] ✓ 已写 cdn-selectors.txt (751 字节)
02:01:54.739 [classes] 类侦察完成：枚举 149488 个类，命中记录 4000 个
02:01:54.759 [io] ✓ 已写 classes.txt (2822167 字节)
02:01:54.759 [scan] 运行时侦察完成。日志目录：/var/mobile/Containers/Data/Application/4858D75A-3D06-4E94-BE76-1AA2A646E0C1/Documents/biliprobe
02:01:54.759 [verdict] =========== 结论 [侦察完成] ===========
02:01:54.760 [verdict] 计数：已挂委托类=0 setDelegate=0 shouldWait=0 renewal=0 authChallenge=0 cancel=0 | NSURLSession媒体请求=1 NSURLRequest媒体构造=5
02:01:54.760 [verdict] ⚠️ 媒体 URL 确实出现过（NSURLRequest 构造=5 / NSURLSession=1），但 AVAssetResourceLoader 未被使用（setDelegate=0 次）。→ 阶段 2 应改在这些点做重定向，而不是接资源加载委托。请把 trace.log 里 [request] / [session] 行发回，我据此定新 hook 点
02:01:54.760 [verdict] =======================================
02:02:00.724 [beat] 第 2 次心跳（约 30 秒）| 已挂委托类=0 setDelegate=0 shouldWait=0 renewal=0 authChallenge=0 cancel=0 | NSURLSession=1 NSURLRequest=5
02:02:15.724 [beat] 第 3 次心跳（约 45 秒）| 已挂委托类=0 setDelegate=0 shouldWait=0 renewal=0 authChallenge=0 cancel=0 | NSURLSession=1 NSURLRequest=5
02:02:15.725 [verdict] =========== 结论 [45 秒] ===========
02:02:15.725 [verdict] 计数：已挂委托类=0 setDelegate=0 shouldWait=0 renewal=0 authChallenge=0 cancel=0 | NSURLSession媒体请求=1 NSURLRequest媒体构造=5
02:02:15.725 [verdict] ⚠️ 媒体 URL 确实出现过（NSURLRequest 构造=5 / NSURLSession=1），但 AVAssetResourceLoader 未被使用（setDelegate=0 次）。→ 阶段 2 应改在这些点做重定向，而不是接资源加载委托。请把 trace.log 里 [request] / [session] 行发回，我据此定新 hook 点
02:02:15.725 [verdict] =======================================
02:02:30.724 [beat] 第 4 次心跳（约 60 秒）| 已挂委托类=0 setDelegate=0 shouldWait=0 renewal=0 authChallenge=0 cancel=0 | NSURLSession=1 NSURLRequest=5
02:02:45.746 [beat] 第 5 次心跳（约 75 秒）| 已挂委托类=0 setDelegate=0 shouldWait=0 renewal=0 authChallenge=0 cancel=0 | NSURLSession=1 NSURLRequest=5
02:03:00.724 [beat] 第 6 次心跳（约 90 秒）| 已挂委托类=0 setDelegate=0 shouldWait=0 renewal=0 authChallenge=0 cancel=0 | NSURLSession=1 NSURLRequest=5
02:04:42.032 [beat] 第 7 次心跳（约 105 秒）| 已挂委托类=0 setDelegate=0 shouldWait=0 renewal=0 authChallenge=0 cancel=0 | NSURLSession=1 NSURLRequest=5
02:04:45.724 [beat] 第 8 次心跳（约 120 秒）| 已挂委托类=0 setDelegate=0 shouldWait=0 renewal=0 authChallenge=0 cancel=0 | NSURLSession=1 NSURLRequest=5
02:07:52.357 [boot] ================ BiliProbe 已加载 ================
02:07:52.394 [boot] 主程序=/private/var/containers/Bundle/Application/04B1A88F-0579-48B4-8CB7-5473184E5686/bili-universal.app/bili-universal PID=11254
02:07:52.404 [io] ✓ 已写 environment.txt (847 字节)
02:07:52.404 [env] 自检完成：系统 iOS 27.0 / 镜像 1283 个
02:07:52.404 [hook] ✓ 已替换 AVAssetResourceLoader :: setDelegate:queue:
02:07:52.404 [hook] ✓ 已替换 NSURLSession :: dataTaskWithRequest:completionHandler:
02:07:52.404 [hook] ✓ 已替换 NSURLSession :: dataTaskWithRequest:
02:07:52.404 [hook] ✓ 已替换 NSURLRequest :: initWithURL:
02:07:52.404 [boot] 探针安装完毕，等待播放器触发…
02:07:52.408 [boot] 心跳已启动：每 15 秒一次；侦察结束时与 45 秒后各强制写一份结论
02:07:52.408 [verdict] =========== 结论 [启动即写（此时尚未播放，仅供参考）] ===========
02:07:52.408 [verdict] 计数：已挂委托类=0 setDelegate=0 shouldWait=0 renewal=0 authChallenge=0 cancel=0 | NSURLSession媒体请求=0 NSURLRequest媒体构造=0
02:07:52.408 [verdict] ❌ 三个观测点（AVAssetResourceLoader / NSURLSession / NSURLRequest）**全部为零**。若你确实播放了视频，说明媒体请求不经过任何 NSURL 系 API（自研 socket 栈），需要换注入思路；若没播放，请播放后重取日志
02:07:52.408 [verdict] =======================================
02:07:52.557 [request] NSURLRequest 构造 host=i1.hdslb.com
          URL=https://i1.hdslb.com/bfs/fawkes/dd/prod/iphone.zip
02:07:52.558 [session] 媒体请求 method=GET host=i1.hdslb.com range=(无)
          URL=https://i1.hdslb.com/bfs/fawkes/dd/prod/iphone.zip
02:07:53.825 [request] NSURLRequest 构造 host=i0.hdslb.com
          URL=https://i0.hdslb.com/bfs/archive/b9f49c9b33532c5d05f5ea701ecd063f81910e94.json
02:07:53.826 [request] NSURLRequest 构造 host=i0.hdslb.com
          URL=https://i0.hdslb.com/bfs/archive/8aee6952487d118b4207c1afa2fd38616bd7545a.json
02:07:53.826 [request] NSURLRequest 构造 host=i0.hdslb.com
          URL=https://i0.hdslb.com/bfs/archive/3ed718f59e9e9cf1ce148105c9db9559951d5a7d.json
02:07:53.826 [request] NSURLRequest 构造 host=i0.hdslb.com
          URL=https://i0.hdslb.com/bfs/archive/c9a20055b712068bfe293878639dc9066ba2690b.json
02:07:54.443 [scan] 开始运行时侦察…
02:07:55.458 [resloader]   ✔ 实现者: IJKFFMoviePlayerControllerAVPlayer
02:07:55.480 [resloader]   ✔ 实现者: BBRResourceLoaderManager
02:07:55.483 [resloader]   ✔ 实现者: BBLiveBaseResourceLoaderManager
02:07:55.488 [resloader]   ✔ 实现者: BGMMediaRequestTask
02:07:55.500 [resloader]   ✔ 实现者: BLKTTSMediaRequestTask
02:07:55.514 [resloader]   ✔ 实现者: BBUperVIResourceLoaderManager
02:07:55.630 [resloader]   ✔ 实现者: CloudAsset.LoadingRequestHandler
02:07:55.675 [resloader]   ✔ 实现者: MADAVAssetResourceLoaderDelegate
02:07:55.705 [resloader]   ✔ 实现者: WebCoreSharedBufferResourceLoaderDelegate
02:07:55.706 [resloader]   ✔ 实现者: WebCoreAudioFileReaderLoaderDelegate
02:07:55.706 [resloader]   ✔ 实现者: WebCoreAVFLoaderDelegate
02:07:55.711 [resloader]   ✔ 实现者: LPAudio
02:07:55.711 [resloader]   ✔ 实现者: LPVideo
02:07:55.751 [resloader]   ✔ 实现者: FCAVAssetResourceLoader
02:07:55.803 [resloader]   ✔ 实现者: VCPInMemoryAVAsset
02:07:56.091 [io] ✓ 已写 resloader-delegates.txt (465 字节)
02:07:56.511 [cdn] 命中: BGMMasterListProcessor (1 个选择子)
02:07:56.515 [cdn] 命中: BGMFragmentDownloader (1 个选择子)
02:07:56.516 [cdn] 命中: BGMFragmentContext (2 个选择子)
02:07:56.577 [cdn] 命中: BBLivePlayerP2PServerItem (1 个选择子)
02:07:56.580 [cdn] 命中: BBLivePlayerResolverHelper (1 个选择子)
02:07:59.601 [cdn] 命中: BBUperUploadNetworkTool (2 个选择子)
02:08:00.427 [cdn] 命中: BFCBandwidthManager (2 个选择子)
02:08:01.156 [cdn] 命中: BBLiveBCQualityComponent (2 个选择子)
02:08:01.421 [io] ✓ 已写 cdn-selectors.txt (751 字节)
02:08:02.967 [classes] 类侦察完成：枚举 149331 个类，命中记录 4000 个
02:08:02.981 [io] ✓ 已写 classes.txt (2812986 字节)
02:08:02.981 [scan] 运行时侦察完成。日志目录：/var/mobile/Containers/Data/Application/4858D75A-3D06-4E94-BE76-1AA2A646E0C1/Documents/biliprobe
02:08:02.981 [verdict] =========== 结论 [侦察完成] ===========
02:08:02.981 [verdict] 计数：已挂委托类=0 setDelegate=0 shouldWait=0 renewal=0 authChallenge=0 cancel=0 | NSURLSession媒体请求=1 NSURLRequest媒体构造=5
02:08:02.982 [verdict] ⚠️ 媒体 URL 确实出现过（NSURLRequest 构造=5 / NSURLSession=1），但 AVAssetResourceLoader 未被使用（setDelegate=0 次）。→ 阶段 2 应改在这些点做重定向，而不是接资源加载委托。请把 trace.log 里 [request] / [session] 行发回，我据此定新 hook 点
02:08:02.982 [verdict] =======================================
02:08:07.406 [beat] 第 1 次心跳（约 15 秒）| 已挂委托类=0 setDelegate=0 shouldWait=0 renewal=0 authChallenge=0 cancel=0 | NSURLSession=1 NSURLRequest=5
02:08:22.411 [beat] 第 2 次心跳（约 30 秒）| 已挂委托类=0 setDelegate=0 shouldWait=0 renewal=0 authChallenge=0 cancel=0 | NSURLSession=1 NSURLRequest=5
02:08:37.413 [beat] 第 3 次心跳（约 45 秒）| 已挂委托类=0 setDelegate=0 shouldWait=0 renewal=0 authChallenge=0 cancel=0 | NSURLSession=1 NSURLRequest=5
02:08:37.414 [verdict] =========== 结论 [45 秒] ===========
02:08:37.415 [verdict] 计数：已挂委托类=0 setDelegate=0 shouldWait=0 renewal=0 authChallenge=0 cancel=0 | NSURLSession媒体请求=1 NSURLRequest媒体构造=5
02:08:37.415 [verdict] ⚠️ 媒体 URL 确实出现过（NSURLRequest 构造=5 / NSURLSession=1），但 AVAssetResourceLoader 未被使用（setDelegate=0 次）。→ 阶段 2 应改在这些点做重定向，而不是接资源加载委托。请把 trace.log 里 [request] / [session] 行发回，我据此定新 hook 点
02:08:37.415 [verdict] =======================================
02:08:52.417 [beat] 第 4 次心跳（约 60 秒）| 已挂委托类=0 setDelegate=0 shouldWait=0 renewal=0 authChallenge=0 cancel=0 | NSURLSession=1 NSURLRequest=5
02:09:07.471 [beat] 第 5 次心跳（约 75 秒）| 已挂委托类=0 setDelegate=0 shouldWait=0 renewal=0 authChallenge=0 cancel=0 | NSURLSession=1 NSURLRequest=5
