01:21:12.467 [boot] ================ BiliProbe 已加载 ================
01:21:12.473 [boot] 主程序=/private/var/containers/Bundle/Application/08A1B80B-EFF0-4811-BE1D-6F3043C7273E/bili-universal.app/bili-universal PID=10915
01:21:12.479 [io] ✓ 已写 environment.txt (847 字节)
01:21:12.479 [env] 自检完成：系统 iOS 27.0 / 镜像 1283 个
01:21:12.479 [hook] ✓ 已替换 AVAssetResourceLoader :: setDelegate:queue:
01:21:12.479 [hook] ✓ 已替换 NSURLSession :: dataTaskWithRequest:completionHandler:
01:21:12.479 [hook] ✓ 已替换 NSURLSession :: dataTaskWithRequest:
01:21:12.479 [boot] 探针安装完毕，等待播放器触发…
01:21:12.852 [session] 媒体请求 method=GET host=i0.hdslb.com range=(无)
          URL=https://i0.hdslb.com/bfs/fawkes/dd/prod/iphone.zip
01:21:14.538 [scan] 开始运行时侦察…
01:21:15.393 [session] 媒体请求 method=GET host=i0.hdslb.com range=(无)
          URL=https://i0.hdslb.com/bfs/bangumi/image/c00c19ac7623e7d866194ddbb0b53ad2b034e59e.svga
01:21:15.393 [session] 媒体请求 method=GET host=i0.hdslb.com range=(无)
          URL=https://i0.hdslb.com/bfs/activity-plat/static/20220829/a482bf9fe3e46d341bcbc1cf32618543/pqeoLy9dbS.png
01:21:15.393 [session] 媒体请求 method=GET host=i0.hdslb.com range=(无)
          URL=https://i0.hdslb.com/bfs/activity-plat/static/20220829/a482bf9fe3e46d341bcbc1cf32618543/HllKqWBM8A.png
01:21:15.393 [session] 媒体请求 method=GET host=i0.hdslb.com range=(无)
          URL=https://i0.hdslb.com/bfs/activity-plat/static/20220829/a482bf9fe3e46d341bcbc1cf32618543/vqLieiUH4G.png
01:21:15.393 [session] 媒体请求 method=GET host=i0.hdslb.com range=(无)
          URL=https://i0.hdslb.com/bfs/activity-plat/static/20220829/a482bf9fe3e46d341bcbc1cf32618543/IHTqbhXeDQ.png
01:21:15.393 [session] 媒体请求 method=GET host=i0.hdslb.com range=(无)
          URL=https://i0.hdslb.com/bfs/activity-plat/static/20220829/a482bf9fe3e46d341bcbc1cf32618543/XOA24s8ROL.png
01:21:15.393 [session] 媒体请求 method=GET host=i0.hdslb.com range=(无)
          URL=https://i0.hdslb.com/bfs/activity-plat/static/20220829/a482bf9fe3e46d341bcbc1cf32618543/UYYseM36yE.png
01:21:15.393 [session] 媒体请求 method=GET host=i0.hdslb.com range=(无)
          URL=https://i0.hdslb.com/bfs/activity-plat/static/20220829/a482bf9fe3e46d341bcbc1cf32618543/QzjxU8JXUm.png
01:21:15.393 [session] 媒体请求 method=GET host=i0.hdslb.com range=(无)
          URL=https://i0.hdslb.com/bfs/activity-plat/static/20220829/a482bf9fe3e46d341bcbc1cf32618543/0ftIJqojyx.png
01:21:15.393 [session] 媒体请求 method=GET host=i0.hdslb.com range=(无)
          URL=https://i0.hdslb.com/bfs/activity-plat/static/20220831/a482bf9fe3e46d341bcbc1cf32618543/Sb1BQxd6am.png
01:21:15.394 [session] 媒体请求 method=GET host=i0.hdslb.com range=(无)
          URL=https://i0.hdslb.com/bfs/activity-plat/static/20220915/b80a469d09a235bd57d125662dca2ca2/GewdxuCnBZ.png
01:21:15.394 [session] 媒体请求 method=GET host=i0.hdslb.com range=(无)
          URL=https://i0.hdslb.com/bfs/activity-plat/static/20220915/b80a469d09a235bd57d125662dca2ca2/IkRmIJIDqN.png
01:21:15.394 [session] 媒体请求 method=GET host=i0.hdslb.com range=(无)
          URL=https://i0.hdslb.com/bfs/activity-plat/static/20220913/a5480f18ac08c1e30876e3fde84db784/MjbvKGpey3.png
01:21:16.213 [session] 媒体请求 method=GET host=i0.hdslb.com range=(无)
          URL=https://i0.hdslb.com/bfs/fawkes/dd/iphone/prod/default/39082/iphone_39082.zip
01:21:16.273 [session] 媒体请求 method=GET host=i0.hdslb.com range=(无)
          URL=https://i0.hdslb.com/bfs/fawkes/dd/iphone/prod/default/39082/iphone_default_39082.zip
01:21:19.279 [resloader]   ✔ 实现者: IJKFFMoviePlayerControllerAVPlayer
01:21:19.308 [resloader]   ✔ 实现者: BBRResourceLoaderManager
01:21:19.311 [resloader]   ✔ 实现者: BBLiveBaseResourceLoaderManager
01:21:19.316 [resloader]   ✔ 实现者: BGMMediaRequestTask
01:21:19.334 [resloader]   ✔ 实现者: BLKTTSMediaRequestTask
01:21:19.353 [resloader]   ✔ 实现者: BBUperVIResourceLoaderManager
01:21:19.520 [resloader]   ✔ 实现者: CloudAsset.LoadingRequestHandler
01:21:19.627 [resloader]   ✔ 实现者: MADAVAssetResourceLoaderDelegate
01:21:19.696 [resloader]   ✔ 实现者: WebCoreSharedBufferResourceLoaderDelegate
01:21:19.696 [resloader]   ✔ 实现者: WebCoreAudioFileReaderLoaderDelegate
01:21:19.697 [resloader]   ✔ 实现者: WebCoreAVFLoaderDelegate
01:21:19.707 [resloader]   ✔ 实现者: LPAudio
01:21:19.708 [resloader]   ✔ 实现者: LPVideo
01:21:19.780 [resloader]   ✔ 实现者: FCAVAssetResourceLoader
01:21:19.866 [resloader]   ✔ 实现者: VCPInMemoryAVAsset
01:21:20.314 [io] ✓ 已写 resloader-delegates.txt (465 字节)
01:21:20.683 [cdn] 命中: BBUperUploadNetworkTool (2 个选择子)
01:21:20.752 [cdn] 命中: BGMMasterListProcessor (1 个选择子)
01:21:20.755 [cdn] 命中: BGMFragmentDownloader (1 个选择子)
01:21:20.757 [cdn] 命中: BGMFragmentContext (2 个选择子)
01:21:20.811 [cdn] 命中: BBLivePlayerP2PServerItem (1 个选择子)
01:21:20.813 [cdn] 命中: BBLivePlayerResolverHelper (1 个选择子)
01:21:23.909 [cdn] 命中: BFCBandwidthManager (2 个选择子)
01:21:25.464 [cdn] 命中: BBLiveBCQualityComponent (2 个选择子)
01:21:25.700 [io] ✓ 已写 cdn-selectors.txt (751 字节)
01:21:27.281 [classes] 类侦察完成：枚举 148961 个类，命中记录 4000 个
01:21:27.296 [io] ✓ 已写 classes.txt (2812367 字节)
01:21:27.296 [scan] 运行时侦察完成。日志目录：/var/mobile/Containers/Data/Application/972DF614-B9D8-4758-A877-51D2E519AF3B/Documents/biliprobe
01:23:00.401 [session] 媒体请求 method=GET host=i0.hdslb.com range=(无)
          URL=https://i0.hdslb.com/bfs/archive/b9f49c9b33532c5d05f5ea701ecd063f81910e94.json
01:23:00.401 [session] 媒体请求 method=GET host=i0.hdslb.com range=(无)
          URL=https://i0.hdslb.com/bfs/archive/8aee6952487d118b4207c1afa2fd38616bd7545a.json
01:23:00.401 [session] 媒体请求 method=GET host=i0.hdslb.com range=(无)
          URL=https://i0.hdslb.com/bfs/archive/3ed718f59e9e9cf1ce148105c9db9559951d5a7d.json
01:23:00.401 [session] 媒体请求 method=GET host=i0.hdslb.com range=(无)
          URL=https://i0.hdslb.com/bfs/archive/c9a20055b712068bfe293878639dc9066ba2690b.json
